
============================== Running STGAT ==============================
STGAT    base           o0.55 s0 RMSE   26.89  clean  26.89  gmax  0.03  (11s)
STGAT    base           o0.55 s1 RMSE   26.91  clean  26.91  gmax  0.04  (6s)
STGAT    base           o0.55 s2 RMSE   27.23  clean  27.23  gmax  0.24  (4s)
STGAT    base           o0.55 s3 RMSE   27.91  clean  27.91  gmax  0.28  (3s)
STGAT    base           o0.55 s4 RMSE   26.91  clean  26.91  gmax  0.04  (5s)
STGAT    base           o0.55 s5 RMSE   26.90  clean  26.90  gmax  0.03  (5s)
STGAT    base           o0.55 s6 RMSE   27.69  clean  27.69  gmax  0.28  (3s)
STGAT    base           o0.55 s7 RMSE   26.92  clean  26.92  gmax  0.06  (5s)
STGAT    base           o0.55 s8 RMSE   26.91  clean  26.91  gmax  0.04  (7s)
STGAT    base           o0.55 s9 RMSE   27.46  clean  27.46  gmax  0.22  (4s)
STGAT    base           o0.55 s10 RMSE   26.99  clean  26.99  gmax  0.12  (4s)
STGAT    base           o0.55 s11 RMSE   27.33  clean  27.33  gmax  0.30  (3s)
STGAT    base           o0.55 s12 RMSE   28.12  clean  28.12  gmax  0.18  (3s)
STGAT    base           o0.55 s13 RMSE   26.91  clean  26.91  gmax  0.03  (10s)
STGAT    base           o0.55 s14 RMSE   27.33  clean  27.33  gmax  0.27  (3s)
STGAT    base           o0.55 s15 RMSE   26.92  clean  26.92  gmax  0.04  (9s)
STGAT    base           o0.55 s16 RMSE   27.01  clean  27.01  gmax  0.15  (3s)
STGAT    base           o0.55 s17 RMSE   26.91  clean  26.91  gmax  0.03  (9s)
STGAT    base           o0.55 s18 RMSE   27.45  clean  27.45  gmax  0.24  (3s)
STGAT    base           o0.55 s19 RMSE   26.90  clean  26.90  gmax  0.03  (10s)
STGAT    base           o0.7 s0 RMSE   39.13  clean  39.13  gmax  0.05  (5s)
STGAT    base           o0.7 s1 RMSE   38.93  clean  38.93  gmax  0.02  (8s)
STGAT    base           o0.7 s2 RMSE   38.90  clean  38.90  gmax  0.01  (14s)
STGAT    base           o0.7 s3 RMSE   38.85  clean  38.85  gmax  0.03  (9s)
STGAT    base           o0.7 s4 RMSE   38.91  clean  38.91  gmax  0.03  (8s)
STGAT    base           o0.7 s5 RMSE   38.90  clean  38.90  gmax  0.02  (10s)
STGAT    base           o0.7 s6 RMSE   38.89  clean  38.89  gmax  0.03  (9s)
STGAT    base           o0.7 s7 RMSE   38.90  clean  38.90  gmax  0.02  (25s)
STGAT    base           o0.7 s8 RMSE   38.89  clean  38.89  gmax  0.02  (27s)
STGAT    base           o0.7 s9 RMSE   38.92  clean  38.92  gmax  0.07  (5s)
STGAT    base           o0.7 s10 RMSE   38.94  clean  38.94  gmax  0.03  (9s)
STGAT    base           o0.7 s11 RMSE   38.77  clean  38.77  gmax  0.09  (5s)
STGAT    base           o0.7 s12 RMSE   38.89  clean  38.89  gmax  0.01  (13s)
STGAT    base           o0.7 s13 RMSE   38.98  clean  38.98  gmax  0.03  (9s)
STGAT    base           o0.7 s14 RMSE   38.88  clean  38.88  gmax  0.02  (9s)
STGAT    base           o0.7 s15 RMSE   38.92  clean  38.92  gmax  0.01  (27s)
STGAT    base           o0.7 s16 RMSE   38.94  clean  38.94  gmax  0.02  (12s)
STGAT    base           o0.7 s17 RMSE   38.91  clean  38.91  gmax  0.03  (8s)
STGAT    base           o0.7 s18 RMSE   38.90  clean  38.90  gmax  0.02  (11s)
STGAT    base           o0.7 s19 RMSE   38.97  clean  38.97  gmax  0.02  (10s)
STGAT    base           o0.85 s0 RMSE   67.81  clean  22.46  gmax  0.02  (10s)
STGAT    base           o0.85 s1 RMSE   67.96  clean  22.59  gmax  0.04  (8s)
STGAT    base           o0.85 s2 RMSE   68.05  clean  22.60  gmax  0.02  (10s)
STGAT    base           o0.85 s3 RMSE   67.92  clean  22.57  gmax  0.02  (11s)
STGAT    base           o0.85 s4 RMSE   68.20  clean  22.60  gmax  0.03  (10s)
STGAT    base           o0.85 s5 RMSE   67.86  clean  22.55  gmax  0.04  (7s)
STGAT    base           o0.85 s6 RMSE   68.09  clean  22.52  gmax  0.05  (6s)
STGAT    base           o0.85 s7 RMSE   67.92  clean  22.51  gmax  0.01  (28s)
STGAT    base           o0.85 s8 RMSE   67.86  clean  22.53  gmax  0.02  (9s)
STGAT    base           o0.85 s9 RMSE   68.04  clean  22.62  gmax  0.04  (6s)
STGAT    base           o0.85 s10 RMSE   68.10  clean  22.54  gmax  0.03  (9s)
STGAT    base           o0.85 s11 RMSE   67.92  clean  22.54  gmax  0.05  (7s)
STGAT    base           o0.85 s12 RMSE   67.90  clean  22.48  gmax  0.02  (10s)
STGAT    base           o0.85 s13 RMSE   68.02  clean  22.58  gmax  0.02  (11s)
STGAT    base           o0.85 s14 RMSE   67.89  clean  22.53  gmax  0.02  (11s)
STGAT    base           o0.85 s15 RMSE   68.08  clean  22.60  gmax  0.02  (10s)
STGAT    base           o0.85 s16 RMSE   67.89  clean  22.53  gmax  0.03  (16s)
STGAT    base           o0.85 s17 RMSE   68.08  clean  22.58  gmax  0.03  (7s)
STGAT    base           o0.85 s18 RMSE   68.09  clean  22.56  gmax  0.01  (21s)
STGAT    base           o0.85 s19 RMSE   68.07  clean  22.57  gmax  0.01  (22s)
STGAT    spatial        o0.55 s0 RMSE   26.88  clean  26.88  gmax  0.03  (13s)
STGAT    spatial        o0.55 s1 RMSE   26.89  clean  26.89  gmax  0.03  (7s)
STGAT    spatial        o0.55 s2 RMSE   26.87  clean  26.87  gmax  0.04  (6s)
STGAT    spatial        o0.55 s3 RMSE   27.91  clean  27.91  gmax  0.28  (3s)
STGAT    spatial        o0.55 s4 RMSE   26.89  clean  26.89  gmax  0.04  (6s)
STGAT    spatial        o0.55 s5 RMSE   26.89  clean  26.89  gmax  0.03  (6s)
STGAT    spatial        o0.55 s6 RMSE   27.69  clean  27.69  gmax  0.28  (3s)
STGAT    spatial        o0.55 s7 RMSE   26.90  clean  26.90  gmax  0.05  (6s)
STGAT    spatial        o0.55 s8 RMSE   26.89  clean  26.89  gmax  0.04  (8s)
STGAT    spatial        o0.55 s9 RMSE   27.11  clean  27.11  gmax  0.16  (4s)
STGAT    spatial        o0.55 s10 RMSE   26.98  clean  26.98  gmax  0.12  (4s)
STGAT    spatial        o0.55 s11 RMSE   27.32  clean  27.32  gmax  0.30  (3s)
STGAT    spatial        o0.55 s12 RMSE   28.12  clean  28.12  gmax  0.18  (4s)
STGAT    spatial        o0.55 s13 RMSE   26.89  clean  26.89  gmax  0.03  (11s)
STGAT    spatial        o0.55 s14 RMSE   27.33  clean  27.33  gmax  0.27  (3s)
STGAT    spatial        o0.55 s15 RMSE   26.90  clean  26.90  gmax  0.04  (9s)
STGAT    spatial        o0.55 s16 RMSE   26.99  clean  26.99  gmax  0.15  (4s)
STGAT    spatial        o0.55 s17 RMSE   26.89  clean  26.89  gmax  0.03  (11s)
STGAT    spatial        o0.55 s18 RMSE   27.34  clean  27.34  gmax  0.21  (4s)
STGAT    spatial        o0.55 s19 RMSE   26.88  clean  26.88  gmax  0.03  (13s)
STGAT    spatial        o0.7 s0 RMSE   39.06  clean  39.06  gmax  0.05  (6s)
STGAT    spatial        o0.7 s1 RMSE   38.87  clean  38.87  gmax  0.02  (9s)
STGAT    spatial        o0.7 s2 RMSE   38.83  clean  38.83  gmax  0.01  (16s)
STGAT    spatial        o0.7 s3 RMSE   38.80  clean  38.80  gmax  0.02  (10s)
STGAT    spatial        o0.7 s4 RMSE   38.85  clean  38.85  gmax  0.03  (9s)
STGAT    spatial        o0.7 s5 RMSE   38.86  clean  38.86  gmax  0.02  (9s)
STGAT    spatial        o0.7 s6 RMSE   38.82  clean  38.82  gmax  0.04  (7s)
STGAT    spatial        o0.7 s7 RMSE   38.84  clean  38.84  gmax  0.01  (15s)
STGAT    spatial        o0.7 s8 RMSE   38.82  clean  38.82  gmax  0.01  (29s)
STGAT    spatial        o0.7 s9 RMSE   38.87  clean  38.87  gmax  0.07  (5s)
STGAT    spatial        o0.7 s10 RMSE   38.87  clean  38.87  gmax  0.03  (10s)
STGAT    spatial        o0.7 s11 RMSE   38.73  clean  38.73  gmax  0.09  (5s)
STGAT    spatial        o0.7 s12 RMSE   38.79  clean  38.79  gmax  0.01  (11s)
STGAT    spatial        o0.7 s13 RMSE   38.91  clean  38.91  gmax  0.03  (10s)
STGAT    spatial        o0.7 s14 RMSE   38.81  clean  38.81  gmax  0.02  (10s)
STGAT    spatial        o0.7 s15 RMSE   38.85  clean  38.85  gmax  0.01  (30s)
STGAT    spatial        o0.7 s16 RMSE   38.87  clean  38.87  gmax  0.02  (13s)
STGAT    spatial        o0.7 s17 RMSE   38.84  clean  38.84  gmax  0.03  (9s)
STGAT    spatial        o0.7 s18 RMSE   38.83  clean  38.83  gmax  0.02  (13s)
STGAT    spatial        o0.7 s19 RMSE   38.91  clean  38.91  gmax  0.02  (12s)
STGAT    spatial        o0.85 s0 RMSE   67.48  clean  22.45  gmax  0.02  (12s)
STGAT    spatial        o0.85 s1 RMSE   67.63  clean  22.58  gmax  0.04  (9s)
STGAT    spatial        o0.85 s2 RMSE   68.01  clean  22.48  gmax  0.03  (8s)
STGAT    spatial        o0.85 s3 RMSE   67.55  clean  22.56  gmax  0.02  (13s)
STGAT    spatial        o0.85 s4 RMSE   67.81  clean  22.59  gmax  0.03  (11s)
STGAT    spatial        o0.85 s5 RMSE   67.55  clean  22.54  gmax  0.04  (8s)
STGAT    spatial        o0.85 s6 RMSE   67.75  clean  22.51  gmax  0.04  (7s)
STGAT    spatial        o0.85 s7 RMSE   67.77  clean  22.55  gmax  0.02  (12s)
STGAT    spatial        o0.85 s8 RMSE   67.50  clean  22.52  gmax  0.02  (11s)
STGAT    spatial        o0.85 s9 RMSE   67.71  clean  22.61  gmax  0.04  (7s)
STGAT    spatial        o0.85 s10 RMSE   67.76  clean  22.53  gmax  0.03  (9s)
STGAT    spatial        o0.85 s11 RMSE   67.53  clean  22.53  gmax  0.04  (11s)
STGAT    spatial        o0.85 s12 RMSE   67.52  clean  22.47  gmax  0.02  (11s)
STGAT    spatial        o0.85 s13 RMSE   67.67  clean  22.56  gmax  0.02  (12s)
STGAT    spatial        o0.85 s14 RMSE   67.54  clean  22.51  gmax  0.02  (12s)
STGAT    spatial        o0.85 s15 RMSE   67.73  clean  22.59  gmax  0.02  (12s)
STGAT    spatial        o0.85 s16 RMSE   67.53  clean  22.52  gmax  0.03  (17s)
STGAT    spatial        o0.85 s17 RMSE   67.73  clean  22.56  gmax  0.03  (8s)
STGAT    spatial        o0.85 s18 RMSE   67.71  clean  22.55  gmax  0.01  (22s)
STGAT    spatial        o0.85 s19 RMSE   67.71  clean  22.56  gmax  0.01  (24s)
STGAT    spatial_log    o0.55 s0 RMSE   27.23  clean  27.23  gmax  0.14  (12s)
STGAT    spatial_log    o0.55 s1 RMSE   27.24  clean  27.24  gmax  0.13  (4s)
STGAT    spatial_log    o0.55 s2 RMSE   27.34  clean  27.34  gmax  0.25  (4s)
STGAT    spatial_log    o0.55 s3 RMSE   27.95  clean  27.95  gmax  0.28  (3s)
STGAT    spatial_log    o0.55 s4 RMSE   27.13  clean  27.13  gmax  0.13  (4s)
STGAT    spatial_log    o0.55 s5 RMSE   27.19  clean  27.19  gmax  0.15  (6s)
STGAT    spatial_log    o0.55 s6 RMSE   27.78  clean  27.78  gmax  0.27  (4s)
STGAT    spatial_log    o0.55 s7 RMSE   27.24  clean  27.24  gmax  0.14  (6s)
STGAT    spatial_log    o0.55 s8 RMSE   27.29  clean  27.29  gmax  0.14  (7s)
STGAT    spatial_log    o0.55 s9 RMSE   27.49  clean  27.49  gmax  0.22  (3s)
STGAT    spatial_log    o0.55 s10 RMSE   27.22  clean  27.22  gmax  0.15  (4s)
STGAT    spatial_log    o0.55 s11 RMSE   27.34  clean  27.34  gmax  0.30  (3s)
STGAT    spatial_log    o0.55 s12 RMSE   28.19  clean  28.19  gmax  0.19  (3s)
STGAT    spatial_log    o0.55 s13 RMSE   27.14  clean  27.14  gmax  0.15  (4s)
STGAT    spatial_log    o0.55 s14 RMSE   27.38  clean  27.38  gmax  0.29  (3s)
STGAT    spatial_log    o0.55 s15 RMSE   27.23  clean  27.23  gmax  0.15  (9s)
STGAT    spatial_log    o0.55 s16 RMSE   27.23  clean  27.23  gmax  0.16  (4s)
STGAT    spatial_log    o0.55 s17 RMSE   27.14  clean  27.14  gmax  0.13  (4s)
STGAT    spatial_log    o0.55 s18 RMSE   27.59  clean  27.59  gmax  0.20  (4s)
STGAT    spatial_log    o0.55 s19 RMSE   27.23  clean  27.23  gmax  0.15  (18s)
STGAT    spatial_log    o0.7 s0 RMSE   39.59  clean  39.59  gmax  0.10  (6s)
STGAT    spatial_log    o0.7 s1 RMSE   39.28  clean  39.28  gmax  0.10  (9s)
STGAT    spatial_log    o0.7 s2 RMSE   39.24  clean  39.24  gmax  0.10  (11s)
STGAT    spatial_log    o0.7 s3 RMSE   39.03  clean  39.03  gmax  0.10  (8s)
STGAT    spatial_log    o0.7 s4 RMSE   39.16  clean  39.16  gmax  0.11  (5s)
STGAT    spatial_log    o0.7 s5 RMSE   39.60  clean  39.60  gmax  0.12  (5s)
STGAT    spatial_log    o0.7 s6 RMSE   39.25  clean  39.25  gmax  0.09  (11s)
STGAT    spatial_log    o0.7 s7 RMSE   39.36  clean  39.36  gmax  0.10  (11s)
STGAT    spatial_log    o0.7 s8 RMSE   39.28  clean  39.28  gmax  0.10  (18s)
STGAT    spatial_log    o0.7 s9 RMSE   39.26  clean  39.26  gmax  0.14  (5s)
STGAT    spatial_log    o0.7 s10 RMSE   39.41  clean  39.41  gmax  0.11  (7s)
STGAT    spatial_log    o0.7 s11 RMSE   38.85  clean  38.85  gmax  0.19  (5s)
STGAT    spatial_log    o0.7 s12 RMSE   39.15  clean  39.15  gmax  0.10  (12s)
STGAT    spatial_log    o0.7 s13 RMSE   39.52  clean  39.52  gmax  0.16  (5s)
STGAT    spatial_log    o0.7 s14 RMSE   39.28  clean  39.28  gmax  0.13  (5s)
STGAT    spatial_log    o0.7 s15 RMSE   39.34  clean  39.34  gmax  0.11  (9s)
STGAT    spatial_log    o0.7 s16 RMSE   39.25  clean  39.25  gmax  0.10  (7s)
STGAT    spatial_log    o0.7 s17 RMSE   39.19  clean  39.19  gmax  0.09  (5s)
STGAT    spatial_log    o0.7 s18 RMSE   39.27  clean  39.27  gmax  0.10  (12s)
STGAT    spatial_log    o0.7 s19 RMSE   39.55  clean  39.55  gmax  0.11  (5s)
STGAT    spatial_log    o0.85 s0 RMSE   66.89  clean  22.25  gmax  0.12  (12s)
STGAT    spatial_log    o0.85 s1 RMSE   67.10  clean  22.34  gmax  0.09  (13s)
STGAT    spatial_log    o0.85 s2 RMSE   67.34  clean  22.38  gmax  0.10  (11s)
STGAT    spatial_log    o0.85 s3 RMSE   67.23  clean  22.37  gmax  0.13  (7s)
STGAT    spatial_log    o0.85 s4 RMSE   67.51  clean  22.39  gmax  0.09  (12s)
STGAT    spatial_log    o0.85 s5 RMSE   67.11  clean  22.37  gmax  0.12  (8s)
STGAT    spatial_log    o0.85 s6 RMSE   67.73  clean  22.33  gmax  0.09  (7s)
STGAT    spatial_log    o0.85 s7 RMSE   67.52  clean  22.36  gmax  0.13  (13s)
STGAT    spatial_log    o0.85 s8 RMSE   67.13  clean  22.35  gmax  0.11  (10s)
STGAT    spatial_log    o0.85 s9 RMSE   67.11  clean  22.39  gmax  0.09  (15s)
STGAT    spatial_log    o0.85 s10 RMSE   67.27  clean  22.32  gmax  0.13  (10s)
STGAT    spatial_log    o0.85 s11 RMSE   67.11  clean  22.33  gmax  0.11  (14s)
STGAT    spatial_log    o0.85 s12 RMSE   67.08  clean  22.30  gmax  0.13  (14s)
STGAT    spatial_log    o0.85 s13 RMSE   67.15  clean  22.35  gmax  0.10  (13s)
STGAT    spatial_log    o0.85 s14 RMSE   66.98  clean  22.33  gmax  0.10  (12s)
STGAT    spatial_log    o0.85 s15 RMSE   67.30  clean  22.39  gmax  0.14  (14s)
STGAT    spatial_log    o0.85 s16 RMSE   67.06  clean  22.37  gmax  0.10  (15s)
STGAT    spatial_log    o0.85 s17 RMSE   67.36  clean  22.35  gmax  0.11  (9s)
STGAT    spatial_log    o0.85 s18 RMSE   67.08  clean  22.35  gmax  0.09  (15s)
STGAT    spatial_log    o0.85 s19 RMSE   67.50  clean  22.52  gmax  0.12  (14s)

STGAT complete in 1685s -> analysis\results\physics_logsmooth\physics_envelope_STGAT.json
Arm               RMSE (all)  RMSE (clean)    gmax   [Persistence Floor: 29.52]
base                   44.69         29.55 (+0.03)    0.06
spatial                44.55         29.51 (-0.01)    0.06
spatial_log            44.63         29.68 (+0.15)    0.14
