data (459, 25, 11) | 25 districts | device cpu

[1/5] dense_fixed  (adaptive=False, lambda=0.0)
  fold 1 (origin 0.55) seed 0: RMSE 27.24  MAE 13.25  gate 1.000
  fold 1 (origin 0.55) seed 1: RMSE 26.73  MAE 13.25  gate 1.000
  fold 1 (origin 0.55) seed 2: RMSE 27.29  MAE 13.18  gate 1.000
  fold 2 (origin 0.70) seed 0: RMSE 42.35  MAE 17.65  gate 1.000
  fold 2 (origin 0.70) seed 1: RMSE 44.79  MAE 18.59  gate 1.000
  fold 2 (origin 0.70) seed 2: RMSE 43.02  MAE 17.92  gate 1.000
  fold 3 (origin 0.85) seed 0: RMSE 65.53  MAE 16.27  gate 1.000
  fold 3 (origin 0.85) seed 1: RMSE 65.58  MAE 16.26  gate 1.000
  fold 3 (origin 0.85) seed 2: RMSE 66.69  MAE 16.48  gate 1.000
    48 rows in 227s

[2/5] adaptive  (adaptive=True, lambda=0.0)
  fold 1 (origin 0.55) seed 0: RMSE 30.40  MAE 14.68  gate 0.474
  fold 1 (origin 0.55) seed 1: RMSE 27.49  MAE 13.42  gate 0.577
  fold 1 (origin 0.55) seed 2: RMSE 27.55  MAE 13.20  gate 0.593
  fold 2 (origin 0.70) seed 0: RMSE 40.36  MAE 17.08  gate 0.603
  fold 2 (origin 0.70) seed 1: RMSE 41.11  MAE 17.58  gate 0.617
  fold 2 (origin 0.70) seed 2: RMSE 42.56  MAE 17.59  gate 0.564
  fold 3 (origin 0.85) seed 0: RMSE 65.19  MAE 16.14  gate 0.758
  fold 3 (origin 0.85) seed 1: RMSE 66.87  MAE 16.47  gate 0.755
  fold 3 (origin 0.85) seed 2: RMSE 63.50  MAE 16.00  gate 0.663
    36 rows in 295s

[3/5] adaptive_lam0.01  (adaptive=True, lambda=0.01)
  fold 1 (origin 0.55) seed 0: RMSE 30.45  MAE 14.67  gate 0.850
  fold 1 (origin 0.55) seed 1: RMSE 27.70  MAE 13.52  gate 0.875
  fold 1 (origin 0.55) seed 2: RMSE 28.39  MAE 13.56  gate 0.865
  fold 2 (origin 0.70) seed 0: RMSE 41.38  MAE 17.10  gate 0.898
  fold 2 (origin 0.70) seed 1: RMSE 44.63  MAE 18.32  gate 0.858
  fold 2 (origin 0.70) seed 2: RMSE 44.76  MAE 18.05  gate 0.875
  fold 3 (origin 0.85) seed 0: RMSE 64.94  MAE 16.10  gate 0.871
  fold 3 (origin 0.85) seed 1: RMSE 67.89  MAE 16.64  gate 0.847
  fold 3 (origin 0.85) seed 2: RMSE 63.16  MAE 15.90  gate 0.899
    36 rows in 454s

[4/5] adaptive_lam0.1  (adaptive=True, lambda=0.1)
  fold 1 (origin 0.55) seed 0: RMSE 28.72  MAE 13.93  gate 0.962
  fold 1 (origin 0.55) seed 1: RMSE 32.44  MAE 15.50  gate 0.984
  fold 1 (origin 0.55) seed 2: RMSE 31.57  MAE 14.70  gate 0.981
  fold 2 (origin 0.70) seed 0: RMSE 49.88  MAE 19.16  gate 0.966
  fold 2 (origin 0.70) seed 1: RMSE 40.13  MAE 16.98  gate 0.879
  fold 2 (origin 0.70) seed 2: RMSE 41.81  MAE 17.16  gate 0.976
  fold 3 (origin 0.85) seed 0: RMSE 62.70  MAE 15.78  gate 0.888
  fold 3 (origin 0.85) seed 1: RMSE 64.57  MAE 16.06  gate 0.927
  fold 3 (origin 0.85) seed 2: RMSE 60.34  MAE 15.42  gate 0.939
    36 rows in 445s

[5/5] adaptive_lam1.0  (adaptive=True, lambda=1.0)
  fold 1 (origin 0.55) seed 0: RMSE 55.52  MAE 27.20  gate 0.891
  fold 1 (origin 0.55) seed 1: RMSE 53.95  MAE 26.18  gate 0.887
  fold 1 (origin 0.55) seed 2: RMSE 51.90  MAE 24.85  gate 0.849
  fold 2 (origin 0.70) seed 0: RMSE 93.77  MAE 36.11  gate 0.851
  fold 2 (origin 0.70) seed 1: RMSE 81.46  MAE 30.78  gate 0.850
  fold 2 (origin 0.70) seed 2: RMSE 84.25  MAE 32.00  gate 0.851
  fold 3 (origin 0.85) seed 0: RMSE 58.79  MAE 15.60  gate 0.855
  fold 3 (origin 0.85) seed 1: RMSE 58.48  MAE 15.86  gate 0.855
  fold 3 (origin 0.85) seed 2: RMSE 71.38  MAE 17.38  gate 0.852
    36 rows in 395s

wrote 192 rows to results\phase2_runs.csv in 1816s total
