128 jobs (window) on 11 workers
  [  1/128] W3                 fold2 seed0  RMSE 119.15  (   65s elapsed)
  [  2/128] W3                 fold2 seed1  RMSE 125.16  (   66s elapsed)
  [  3/128] W3                 fold2 seed2  RMSE 120.21  (   66s elapsed)
  [  4/128] W3                 fold1 seed0  RMSE  98.22  (   79s elapsed)
  [  5/128] W3                 fold3 seed1  RMSE  22.22  (   85s elapsed)
  [  6/128] W3                 fold1 seed1  RMSE  95.38  (   96s elapsed)
  [  7/128] W3                 fold3 seed2  RMSE  22.04  (  106s elapsed)
  [  8/128] W3                 fold3 seed0  RMSE  22.19  (  106s elapsed)
  [  9/128] W3                 fold1 seed2  RMSE  99.36  (  115s elapsed)
  [ 10/128] W3                 fold5 seed1  RMSE  53.75  (  156s elapsed)
  [ 11/128] W3                 fold4 seed2  RMSE  30.96  (  157s elapsed)
  [ 12/128] W3                 fold5 seed2  RMSE  54.35  (  180s elapsed)
  [ 13/128] W3                 fold4 seed1  RMSE  32.69  (  194s elapsed)
  [ 14/128] W3                 fold4 seed0  RMSE  31.29  (  200s elapsed)
  [ 15/128] W3                 fold6 seed1  RMSE  10.46  (  201s elapsed)
  [ 16/128] W3                 fold6 seed2  RMSE  10.73  (  213s elapsed)
  [ 17/128] W3                 fold5 seed0  RMSE  52.87  (  238s elapsed)
  [ 18/128] W3                 fold6 seed0  RMSE  10.61  (  244s elapsed)
  [ 19/128] W3                 fold7 seed1  RMSE  88.89  (  257s elapsed)
  [ 20/128] W8                 fold1 seed0  RMSE 143.95  (  265s elapsed)
  [ 21/128] W3                 fold7 seed2  RMSE  87.60  (  278s elapsed)
  [ 22/128] W8                 fold1 seed1  RMSE 138.02  (  282s elapsed)
  [ 23/128] W8                 fold2 seed0  RMSE  85.41  (  286s elapsed)
  [ 24/128] W8                 fold2 seed1  RMSE  99.73  (  290s elapsed)
  [ 25/128] W3                 fold7 seed0  RMSE  83.93  (  299s elapsed)
  [ 26/128] W8                 fold1 seed2  RMSE 140.12  (  301s elapsed)
  [ 27/128] W8                 fold2 seed2  RMSE  99.43  (  325s elapsed)
  [ 28/128] W8                 fold3 seed1  RMSE  22.85  (  398s elapsed)
  [ 29/128] W8                 fold4 seed2  RMSE  31.38  (  437s elapsed)
  [ 30/128] W8                 fold4 seed1  RMSE  31.99  (  476s elapsed)
  [ 31/128] W8                 fold3 seed0  RMSE  21.52  (  502s elapsed)
  [ 32/128] W8                 fold5 seed1  RMSE  54.83  (  512s elapsed)
  [ 33/128] W8                 fold3 seed2  RMSE  22.46  (  517s elapsed)
  [ 34/128] W8                 fold4 seed0  RMSE  31.91  (  645s elapsed)
  [ 35/128] W3                 fold8 seed1  RMSE  26.66  (  891s elapsed)
  [ 36/128] W8                 fold6 seed0  RMSE  10.63  (  903s elapsed)
  [ 37/128] W3                 fold8 seed0  RMSE  27.04  (  917s elapsed)
  [ 38/128] W8                 fold6 seed1  RMSE  10.22  (  974s elapsed)
  [ 39/128] W8                 fold7 seed0  RMSE  87.19  (  986s elapsed)
  [ 40/128] W8                 fold7 seed2  RMSE  91.83  (  988s elapsed)
  [ 41/128] W8                 fold7 seed1  RMSE  86.58  (  991s elapsed)
  [ 42/128] W8                 fold6 seed2  RMSE  10.43  (  992s elapsed)
  [ 43/128] W8                 fold5 seed2  RMSE  54.86  ( 1011s elapsed)
  [ 44/128] W3                 fold8 seed2  RMSE  27.51  ( 1079s elapsed)
  [ 45/128] W16                fold1 seed0  RMSE 188.46  ( 1083s elapsed)
  [ 46/128] W16                fold2 seed1  RMSE  40.22  ( 1089s elapsed)
  [ 47/128] W16                fold2 seed0  RMSE  43.67  ( 1092s elapsed)
  [ 48/128] W16                fold1 seed2  RMSE 170.81  ( 1097s elapsed)
  [ 49/128] W16                fold2 seed2  RMSE  41.63  ( 1118s elapsed)
  [ 50/128] W16                fold1 seed1  RMSE 171.51  ( 1155s elapsed)
  [ 51/128] W8                 fold5 seed0  RMSE  55.07  ( 1203s elapsed)
  [ 52/128] W16                fold3 seed0  RMSE  24.23  ( 1428s elapsed)
  [ 53/128] W16                fold3 seed2  RMSE  24.66  ( 1461s elapsed)
  [ 54/128] W16                fold4 seed2  RMSE  32.11  ( 1486s elapsed)
  [ 55/128] W16                fold3 seed1  RMSE  26.87  ( 1548s elapsed)
  [ 56/128] W16                fold4 seed1  RMSE  31.48  ( 1605s elapsed)
  [ 57/128] W16                fold5 seed1  RMSE  56.28  ( 1614s elapsed)
  [ 58/128] W16                fold6 seed1  RMSE  10.52  ( 1638s elapsed)
  [ 59/128] W16                fold5 seed0  RMSE  58.78  ( 1640s elapsed)
  [ 60/128] W8                 fold8 seed1  RMSE  26.54  ( 1653s elapsed)
  [ 61/128] W16                fold6 seed0  RMSE  10.70  ( 1653s elapsed)
  [ 62/128] W16                fold4 seed0  RMSE  31.68  ( 1687s elapsed)
  [ 63/128] W26                fold1 seed0  RMSE 199.36  ( 1742s elapsed)
  [ 64/128] W8                 fold8 seed0  RMSE  26.56  ( 1749s elapsed)
  [ 65/128] W16                fold7 seed2  RMSE  92.20  ( 1761s elapsed)
  [ 66/128] W16                fold7 seed1  RMSE  90.57  ( 1763s elapsed)
  [ 67/128] W16                fold7 seed0  RMSE  92.75  ( 1771s elapsed)
  [ 68/128] W16                fold5 seed2  RMSE  57.29  ( 1773s elapsed)
  [ 69/128] W16                fold6 seed2  RMSE  10.88  ( 1778s elapsed)
  [ 70/128] W26                fold1 seed1  RMSE 193.53  ( 1791s elapsed)
  [ 71/128] W26                fold1 seed2  RMSE 145.84  ( 1792s elapsed)
  [ 72/128] W26                fold2 seed0  RMSE  28.91  ( 1812s elapsed)
  [ 73/128] W26                fold2 seed1  RMSE  26.97  ( 1816s elapsed)
  [ 74/128] W26                fold2 seed2  RMSE  27.24  ( 1818s elapsed)
  [ 75/128] W26                fold3 seed0  RMSE  24.53  ( 1924s elapsed)
  [ 76/128] W26                fold4 seed1  RMSE  32.38  ( 2019s elapsed)
  [ 77/128] W8                 fold8 seed2  RMSE  27.39  ( 2041s elapsed)
  [ 78/128] W26                fold4 seed2  RMSE  32.48  ( 2112s elapsed)
  [ 79/128] W26                fold3 seed1  RMSE  25.46  ( 2193s elapsed)
  [ 80/128] W26                fold4 seed0  RMSE  31.60  ( 2291s elapsed)
  [ 81/128] W26                fold5 seed0  RMSE  60.73  ( 2305s elapsed)
  [ 82/128] W26                fold5 seed1  RMSE  57.34  ( 2338s elapsed)
  [ 83/128] W26                fold5 seed2  RMSE  55.20  ( 2402s elapsed)
  [ 84/128] W16                fold8 seed2  RMSE  27.13  ( 2433s elapsed)
  [ 85/128] W16                fold8 seed0  RMSE  27.39  ( 2468s elapsed)
  [ 86/128] W26                fold6 seed0  RMSE  11.40  ( 2494s elapsed)
  [ 87/128] W26                fold3 seed2  RMSE  27.15  ( 2500s elapsed)
  [ 88/128] W26                fold6 seed1  RMSE  11.48  ( 2519s elapsed)
  [ 89/128] W26                fold6 seed2  RMSE  11.27  ( 2573s elapsed)
  [ 90/128] W39                fold1 seed0  RMSE 141.68  ( 2597s elapsed)
  [ 91/128] W39                fold1 seed1  RMSE 142.33  ( 2602s elapsed)
  [ 92/128] W39                fold1 seed2  RMSE 142.79  ( 2633s elapsed)
  [ 93/128] W26                fold7 seed1  RMSE  92.44  ( 2654s elapsed)
  [ 94/128] W26                fold7 seed0  RMSE  93.63  ( 2658s elapsed)
  [ 95/128] W26                fold7 seed2  RMSE  92.79  ( 2716s elapsed)
  [ 96/128] W39                fold2 seed0  RMSE  26.60  ( 2727s elapsed)
  [ 97/128] W39                fold2 seed1  RMSE  27.12  ( 2755s elapsed)
  [ 98/128] W39                fold2 seed2  RMSE  27.39  ( 2763s elapsed)
  [ 99/128] W39                fold3 seed1  RMSE  22.35  ( 2842s elapsed)
  [100/128] W39                fold3 seed0  RMSE  23.53  ( 2954s elapsed)
  [101/128] W26                fold8 seed1  RMSE  26.77  ( 3018s elapsed)
  [102/128] W39                fold5 seed0  RMSE  55.37  ( 3026s elapsed)
  [103/128] W39                fold3 seed2  RMSE  22.74  ( 3029s elapsed)
  [104/128] W39                fold4 seed2  RMSE  35.08  ( 3076s elapsed)
  [105/128] W39                fold4 seed1  RMSE  34.81  ( 3120s elapsed)
  [106/128] W39                fold5 seed1  RMSE  54.01  ( 3156s elapsed)
  [107/128] W39                fold4 seed0  RMSE  35.26  ( 3353s elapsed)
  [108/128] W39                fold5 seed2  RMSE  57.08  ( 3429s elapsed)
  [109/128] W39                fold6 seed2  RMSE  12.28  ( 3433s elapsed)
  [110/128] W16                fold8 seed1  RMSE  29.00  ( 3438s elapsed)
  [111/128] persistence        fold1 seed0  RMSE  73.52  ( 3438s elapsed)
  [112/128] persistence        fold2 seed0  RMSE 129.59  ( 3438s elapsed)
  [113/128] persistence        fold3 seed0  RMSE  21.99  ( 3438s elapsed)
  [114/128] persistence        fold4 seed0  RMSE  31.01  ( 3438s elapsed)
  [115/128] persistence        fold5 seed0  RMSE  53.95  ( 3438s elapsed)
  [116/128] persistence        fold6 seed0  RMSE  10.67  ( 3438s elapsed)
  [117/128] persistence        fold7 seed0  RMSE  93.21  ( 3438s elapsed)
  [118/128] persistence        fold8 seed0  RMSE  26.99  ( 3438s elapsed)
  [119/128] W39                fold7 seed0  RMSE  93.96  ( 3452s elapsed)
  [120/128] W39                fold7 seed1  RMSE  95.46  ( 3463s elapsed)
  [121/128] W39                fold6 seed1  RMSE  12.37  ( 3505s elapsed)
  [122/128] W39                fold7 seed2  RMSE  93.66  ( 3552s elapsed)
  [123/128] W26                fold8 seed0  RMSE  27.16  ( 3555s elapsed)
  [124/128] W39                fold6 seed0  RMSE  12.67  ( 3648s elapsed)
  [125/128] W39                fold8 seed1  RMSE  26.44  ( 3985s elapsed)
  [126/128] W26                fold8 seed2  RMSE  27.31  ( 4187s elapsed)
  [127/128] W39                fold8 seed0  RMSE  27.09  ( 4314s elapsed)
  [128/128] W39                fold8 seed2  RMSE  26.97  ( 4412s elapsed)

wrote 512 rows to results\phase3_window.csv in 4415s (34.5s per job)
