400 jobs (final) on 11 workers
  [  1/400] F_adaptive         fold1 seed1  RMSE  91.91  (   36s elapsed)
  [  2/400] F_adaptive         fold1 seed2  RMSE 119.05  (   37s elapsed)
  [  3/400] F_adaptive         fold1 seed3  RMSE  98.44  (   37s elapsed)
  [  4/400] F_adaptive         fold1 seed4  RMSE 116.00  (   37s elapsed)
  [  5/400] F_adaptive         fold1 seed6  RMSE 122.65  (   40s elapsed)
  [  6/400] F_adaptive         fold1 seed7  RMSE  91.37  (   42s elapsed)
  [  7/400] F_adaptive         fold1 seed0  RMSE  92.75  (   42s elapsed)
  [  8/400] F_adaptive         fold1 seed5  RMSE 110.87  (   48s elapsed)
  [  9/400] F_adaptive         fold2 seed0  RMSE 121.39  (   50s elapsed)
  [ 10/400] F_adaptive         fold2 seed4  RMSE 138.91  (   60s elapsed)
  [ 11/400] F_adaptive         fold2 seed5  RMSE 126.79  (   60s elapsed)
  [ 12/400] F_adaptive         fold2 seed1  RMSE 153.41  (   80s elapsed)
  [ 13/400] F_adaptive         fold3 seed3  RMSE  22.12  (   86s elapsed)
  [ 14/400] F_adaptive         fold3 seed1  RMSE  21.56  (   89s elapsed)
  [ 15/400] F_adaptive         fold2 seed3  RMSE 185.62  (   90s elapsed)
  [ 16/400] F_adaptive         fold3 seed4  RMSE  22.42  (   92s elapsed)
  [ 17/400] F_adaptive         fold3 seed2  RMSE  20.89  (   93s elapsed)
  [ 18/400] F_adaptive         fold2 seed7  RMSE 156.08  (   98s elapsed)
  [ 19/400] F_adaptive         fold2 seed6  RMSE 158.02  (   98s elapsed)
  [ 20/400] F_adaptive         fold3 seed0  RMSE  23.92  (  106s elapsed)
  [ 21/400] F_adaptive         fold3 seed6  RMSE  21.62  (  122s elapsed)
  [ 22/400] F_adaptive         fold2 seed2  RMSE 147.40  (  122s elapsed)
  [ 23/400] F_adaptive         fold3 seed7  RMSE  21.17  (  124s elapsed)
  [ 24/400] F_adaptive         fold4 seed1  RMSE  30.72  (  132s elapsed)
  [ 25/400] F_adaptive         fold4 seed0  RMSE  30.69  (  134s elapsed)
  [ 26/400] F_adaptive         fold4 seed3  RMSE  30.80  (  138s elapsed)
  [ 27/400] F_adaptive         fold4 seed4  RMSE  31.06  (  145s elapsed)
  [ 28/400] F_adaptive         fold3 seed5  RMSE  22.74  (  146s elapsed)
  [ 29/400] F_adaptive         fold4 seed5  RMSE  31.61  (  148s elapsed)
  [ 30/400] F_adaptive         fold4 seed6  RMSE  30.43  (  148s elapsed)
  [ 31/400] F_adaptive         fold4 seed7  RMSE  31.83  (  176s elapsed)
  [ 32/400] F_adaptive         fold5 seed0  RMSE  55.89  (  177s elapsed)
  [ 33/400] F_adaptive         fold4 seed2  RMSE  34.10  (  177s elapsed)
  [ 34/400] F_adaptive         fold5 seed1  RMSE  57.03  (  177s elapsed)
  [ 35/400] F_adaptive         fold5 seed3  RMSE  56.05  (  185s elapsed)
  [ 36/400] F_adaptive         fold5 seed4  RMSE  57.38  (  192s elapsed)
  [ 37/400] F_adaptive         fold5 seed2  RMSE  59.05  (  192s elapsed)
  [ 38/400] F_adaptive         fold6 seed0  RMSE  10.73  (  200s elapsed)
  [ 39/400] F_adaptive         fold5 seed5  RMSE  59.62  (  207s elapsed)
  [ 40/400] F_adaptive         fold5 seed6  RMSE  58.43  (  208s elapsed)
  [ 41/400] F_adaptive         fold5 seed7  RMSE  59.47  (  211s elapsed)
  [ 42/400] F_adaptive         fold6 seed2  RMSE  10.63  (  222s elapsed)
  [ 43/400] F_adaptive         fold6 seed4  RMSE  10.80  (  223s elapsed)
  [ 44/400] F_adaptive         fold6 seed5  RMSE  10.51  (  233s elapsed)
  [ 45/400] F_adaptive         fold6 seed3  RMSE  10.67  (  235s elapsed)
  [ 46/400] F_adaptive         fold6 seed1  RMSE  11.94  (  238s elapsed)
  [ 47/400] F_adaptive         fold6 seed6  RMSE  10.79  (  240s elapsed)
  [ 48/400] F_adaptive         fold6 seed7  RMSE  11.14  (  247s elapsed)
  [ 49/400] F_adaptive         fold7 seed0  RMSE  88.27  (  255s elapsed)
  [ 50/400] F_adaptive         fold7 seed1  RMSE  90.56  (  261s elapsed)
  [ 51/400] F_adaptive         fold7 seed3  RMSE  89.74  (  267s elapsed)
  [ 52/400] F_adaptive         fold7 seed2  RMSE  85.52  (  271s elapsed)
  [ 53/400] F_adaptive         fold7 seed4  RMSE  88.53  (  275s elapsed)
  [ 54/400] F_adaptive         fold7 seed5  RMSE  92.13  (  276s elapsed)
  [ 55/400] F_adaptive         fold7 seed6  RMSE  93.14  (  283s elapsed)
  [ 56/400] F_adaptive         fold7 seed7  RMSE  89.25  (  287s elapsed)
  [ 57/400] F_adaptive_shrunk  fold1 seed0  RMSE  80.82  (  297s elapsed)
  [ 58/400] F_adaptive_shrunk  fold1 seed1  RMSE  76.79  (  303s elapsed)
  [ 59/400] F_adaptive_shrunk  fold1 seed2  RMSE  73.52  (  311s elapsed)
  [ 60/400] F_adaptive_shrunk  fold1 seed3  RMSE  85.46  (  316s elapsed)
  [ 61/400] F_adaptive         fold8 seed2  RMSE  27.57  (  319s elapsed)
  [ 62/400] F_adaptive_shrunk  fold1 seed4  RMSE 116.00  (  324s elapsed)
  [ 63/400] F_adaptive         fold8 seed1  RMSE  28.01  (  329s elapsed)
  [ 64/400] F_adaptive_shrunk  fold1 seed5  RMSE 107.20  (  336s elapsed)
  [ 65/400] F_adaptive_shrunk  fold1 seed6  RMSE 109.67  (  336s elapsed)
  [ 66/400] F_adaptive_shrunk  fold1 seed7  RMSE  73.52  (  339s elapsed)
  [ 67/400] F_adaptive_shrunk  fold2 seed0  RMSE 129.59  (  349s elapsed)
  [ 68/400] F_adaptive         fold8 seed3  RMSE  28.76  (  356s elapsed)
  [ 69/400] F_adaptive         fold8 seed4  RMSE  30.01  (  362s elapsed)
  [ 70/400] F_adaptive_shrunk  fold2 seed4  RMSE 129.59  (  364s elapsed)
  [ 71/400] F_adaptive_shrunk  fold2 seed5  RMSE 129.59  (  374s elapsed)
  [ 72/400] F_adaptive         fold8 seed0  RMSE  28.93  (  382s elapsed)
  [ 73/400] F_adaptive_shrunk  fold2 seed1  RMSE 130.09  (  383s elapsed)
  [ 74/400] F_adaptive_shrunk  fold2 seed3  RMSE 129.59  (  392s elapsed)
  [ 75/400] F_adaptive         fold8 seed6  RMSE  29.33  (  397s elapsed)
  [ 76/400] F_adaptive         fold8 seed5  RMSE  29.35  (  409s elapsed)
  [ 77/400] F_adaptive_shrunk  fold2 seed6  RMSE 129.59  (  410s elapsed)
  [ 78/400] F_adaptive_shrunk  fold2 seed7  RMSE 129.59  (  415s elapsed)
  [ 79/400] F_adaptive_shrunk  fold3 seed1  RMSE  21.59  (  417s elapsed)
  [ 80/400] F_adaptive_shrunk  fold3 seed3  RMSE  21.99  (  419s elapsed)
  [ 81/400] F_adaptive_shrunk  fold3 seed4  RMSE  21.99  (  424s elapsed)
  [ 82/400] F_adaptive_shrunk  fold3 seed2  RMSE  20.84  (  426s elapsed)
  [ 83/400] F_adaptive_shrunk  fold3 seed0  RMSE  21.99  (  429s elapsed)
  [ 84/400] F_adaptive_shrunk  fold2 seed2  RMSE 129.59  (  438s elapsed)
  [ 85/400] F_adaptive_shrunk  fold3 seed7  RMSE  21.16  (  447s elapsed)
  [ 86/400] F_adaptive_shrunk  fold3 seed6  RMSE  21.55  (  451s elapsed)
  [ 87/400] F_adaptive_shrunk  fold4 seed1  RMSE  30.72  (  459s elapsed)
  [ 88/400] F_adaptive         fold8 seed7  RMSE  28.15  (  461s elapsed)
  [ 89/400] F_adaptive_shrunk  fold4 seed0  RMSE  30.69  (  461s elapsed)
  [ 90/400] F_adaptive_shrunk  fold4 seed3  RMSE  30.80  (  469s elapsed)
  [ 91/400] F_adaptive_shrunk  fold4 seed4  RMSE  31.06  (  473s elapsed)
  [ 92/400] F_adaptive_shrunk  fold4 seed5  RMSE  31.61  (  479s elapsed)
  [ 93/400] F_adaptive_shrunk  fold4 seed6  RMSE  30.43  (  479s elapsed)
  [ 94/400] F_adaptive_shrunk  fold3 seed5  RMSE  22.74  (  483s elapsed)
  [ 95/400] F_adaptive_shrunk  fold4 seed7  RMSE  31.83  (  502s elapsed)
  [ 96/400] F_adaptive_shrunk  fold4 seed2  RMSE  33.46  (  504s elapsed)
  [ 97/400] F_adaptive_shrunk  fold5 seed0  RMSE  55.89  (  505s elapsed)
  [ 98/400] F_adaptive_shrunk  fold5 seed3  RMSE  56.05  (  512s elapsed)
  [ 99/400] F_adaptive_shrunk  fold5 seed1  RMSE  57.03  (  514s elapsed)
  [100/400] F_adaptive_shrunk  fold5 seed2  RMSE  59.05  (  523s elapsed)
  [101/400] F_adaptive_shrunk  fold5 seed4  RMSE  57.38  (  524s elapsed)
  [102/400] F_adaptive_shrunk  fold5 seed5  RMSE  58.65  (  534s elapsed)
  [103/400] F_adaptive_shrunk  fold6 seed0  RMSE  10.66  (  536s elapsed)
  [104/400] F_adaptive_shrunk  fold5 seed6  RMSE  57.56  (  541s elapsed)
  [105/400] F_adaptive_shrunk  fold5 seed7  RMSE  59.47  (  542s elapsed)
  [106/400] F_adaptive_shrunk  fold6 seed2  RMSE  10.64  (  549s elapsed)
  [107/400] F_adaptive_shrunk  fold6 seed4  RMSE  10.71  (  557s elapsed)
  [108/400] F_adaptive_shrunk  fold6 seed5  RMSE  10.58  (  563s elapsed)
  [109/400] F_adaptive_shrunk  fold6 seed1  RMSE  11.04  (  564s elapsed)
  [110/400] F_adaptive_shrunk  fold6 seed3  RMSE  10.65  (  565s elapsed)
  [111/400] F_adaptive_shrunk  fold6 seed6  RMSE  10.71  (  571s elapsed)
  [112/400] F_adaptive_shrunk  fold6 seed7  RMSE  10.81  (  578s elapsed)
  [113/400] F_adaptive_shrunk  fold7 seed1  RMSE  93.21  (  588s elapsed)
  [114/400] F_adaptive_shrunk  fold7 seed0  RMSE  92.13  (  589s elapsed)
  [115/400] F_adaptive_shrunk  fold7 seed3  RMSE  93.21  (  598s elapsed)
  [116/400] F_adaptive_shrunk  fold7 seed4  RMSE  92.18  (  602s elapsed)
  [117/400] F_adaptive_shrunk  fold7 seed2  RMSE  93.21  (  606s elapsed)
  [118/400] F_adaptive_shrunk  fold7 seed5  RMSE  93.21  (  611s elapsed)
  [119/400] F_adaptive_shrunk  fold7 seed6  RMSE  93.21  (  614s elapsed)
  [120/400] F_adaptive_shrunk  fold7 seed7  RMSE  89.93  (  616s elapsed)
  [121/400] F_mech0.3_shrunk   fold1 seed0  RMSE  87.76  (  638s elapsed)
  [122/400] F_mech0.3_shrunk   fold1 seed1  RMSE  80.93  (  638s elapsed)
  [123/400] F_mech0.3_shrunk   fold1 seed2  RMSE  73.52  (  646s elapsed)
  [124/400] F_adaptive_shrunk  fold8 seed2  RMSE  27.57  (  650s elapsed)
  [125/400] F_adaptive_shrunk  fold8 seed1  RMSE  28.01  (  660s elapsed)
  [126/400] F_mech0.3_shrunk   fold1 seed4  RMSE 107.43  (  665s elapsed)
  [127/400] F_mech0.3_shrunk   fold1 seed3  RMSE 107.79  (  670s elapsed)
  [128/400] F_mech0.3_shrunk   fold1 seed6  RMSE 113.38  (  676s elapsed)
  [129/400] F_mech0.3_shrunk   fold1 seed5  RMSE 110.51  (  678s elapsed)
  [130/400] F_mech0.3_shrunk   fold1 seed7  RMSE  73.52  (  686s elapsed)
  [131/400] F_adaptive_shrunk  fold8 seed3  RMSE  28.76  (  689s elapsed)
  [132/400] F_adaptive_shrunk  fold8 seed4  RMSE  30.01  (  690s elapsed)
  [133/400] F_mech0.3_shrunk   fold2 seed0  RMSE 129.59  (  696s elapsed)
  [134/400] F_adaptive_shrunk  fold8 seed0  RMSE  28.93  (  710s elapsed)
  [135/400] F_mech0.3_shrunk   fold2 seed4  RMSE 129.59  (  717s elapsed)
  [136/400] F_mech0.3_shrunk   fold2 seed5  RMSE 129.59  (  719s elapsed)
  [137/400] F_mech0.3_shrunk   fold2 seed7  RMSE 129.59  (  728s elapsed)
  [138/400] F_adaptive_shrunk  fold8 seed6  RMSE  29.33  (  729s elapsed)
  [139/400] F_adaptive_shrunk  fold8 seed5  RMSE  29.35  (  737s elapsed)
  [140/400] F_mech0.3_shrunk   fold2 seed1  RMSE 129.59  (  744s elapsed)
  [141/400] F_mech0.3_shrunk   fold2 seed3  RMSE 129.59  (  754s elapsed)
  [142/400] F_mech0.3_shrunk   fold2 seed2  RMSE 129.59  (  773s elapsed)
  [143/400] F_mech0.3_shrunk   fold3 seed1  RMSE  21.42  (  774s elapsed)
  [144/400] F_mech0.3_shrunk   fold3 seed4  RMSE  21.94  (  776s elapsed)
  [145/400] F_mech0.3_shrunk   fold3 seed5  RMSE  21.99  (  780s elapsed)
  [146/400] F_mech0.3_shrunk   fold3 seed3  RMSE  20.03  (  786s elapsed)
  [147/400] F_mech0.3_shrunk   fold3 seed0  RMSE  21.99  (  788s elapsed)
  [148/400] F_mech0.3_shrunk   fold3 seed6  RMSE  20.87  (  795s elapsed)
  [149/400] F_adaptive_shrunk  fold8 seed7  RMSE  28.15  (  796s elapsed)
  [150/400] F_mech0.3_shrunk   fold2 seed6  RMSE 129.59  (  799s elapsed)
  [151/400] F_mech0.3_shrunk   fold4 seed1  RMSE  30.90  (  826s elapsed)
  [152/400] F_mech0.3_shrunk   fold3 seed7  RMSE  21.75  (  829s elapsed)
  [153/400] F_mech0.3_shrunk   fold4 seed3  RMSE  30.66  (  836s elapsed)
  [154/400] F_mech0.3_shrunk   fold3 seed2  RMSE  21.38  (  838s elapsed)
  [155/400] F_mech0.3_shrunk   fold4 seed0  RMSE  31.41  (  840s elapsed)
  [156/400] F_mech0.3_shrunk   fold4 seed4  RMSE  30.95  (  845s elapsed)
  [157/400] F_mech0.3_shrunk   fold4 seed6  RMSE  30.65  (  847s elapsed)
  [158/400] F_mech0.3_shrunk   fold4 seed5  RMSE  31.21  (  849s elapsed)
  [159/400] F_mech0.3_shrunk   fold4 seed7  RMSE  31.44  (  864s elapsed)
  [160/400] F_mech0.3_shrunk   fold4 seed2  RMSE  33.00  (  867s elapsed)
  [161/400] F_mech0.3_shrunk   fold5 seed0  RMSE  55.55  (  867s elapsed)
  [162/400] F_mech0.3_shrunk   fold5 seed1  RMSE  56.58  (  894s elapsed)
  [163/400] F_mech0.3_shrunk   fold5 seed3  RMSE  54.72  (  898s elapsed)
  [164/400] F_mech0.3_shrunk   fold5 seed4  RMSE  56.81  (  905s elapsed)
  [165/400] F_mech0.3_shrunk   fold5 seed2  RMSE  58.14  (  905s elapsed)
  [166/400] F_mech0.3_shrunk   fold5 seed6  RMSE  58.50  (  912s elapsed)
  [167/400] F_mech0.3_shrunk   fold6 seed0  RMSE  10.65  (  913s elapsed)
  [168/400] F_mech0.3_shrunk   fold5 seed5  RMSE  57.20  (  916s elapsed)
  [169/400] F_mech0.3_shrunk   fold6 seed1  RMSE  10.74  (  921s elapsed)
  [170/400] F_mech0.3_shrunk   fold6 seed2  RMSE  10.69  (  929s elapsed)
  [171/400] F_mech0.3_shrunk   fold5 seed7  RMSE  58.94  (  929s elapsed)
  [172/400] F_mech0.3_shrunk   fold6 seed3  RMSE  10.64  (  941s elapsed)
  [173/400] F_mech0.3_shrunk   fold6 seed4  RMSE  10.70  (  950s elapsed)
  [174/400] F_mech0.3_shrunk   fold6 seed5  RMSE  10.51  (  954s elapsed)
  [175/400] F_mech0.3_shrunk   fold6 seed6  RMSE  10.78  (  963s elapsed)
  [176/400] F_mech0.3_shrunk   fold6 seed7  RMSE  10.72  (  975s elapsed)
  [177/400] F_mech0.3_shrunk   fold7 seed1  RMSE  93.21  (  980s elapsed)
  [178/400] F_mech0.3_shrunk   fold7 seed0  RMSE  89.39  (  983s elapsed)
  [179/400] F_mech0.3_shrunk   fold7 seed3  RMSE  93.21  (  988s elapsed)
  [180/400] F_mech0.3_shrunk   fold7 seed4  RMSE  90.09  (  996s elapsed)
  [181/400] F_mech0.3_shrunk   fold7 seed5  RMSE  93.21  (  999s elapsed)
  [182/400] F_mech0.3_shrunk   fold7 seed2  RMSE  93.21  (  999s elapsed)
  [183/400] F_mech0.3_shrunk   fold7 seed6  RMSE  93.21  ( 1003s elapsed)
  [184/400] F_mech0.3_shrunk   fold7 seed7  RMSE  89.37  ( 1017s elapsed)
  [185/400] F_mech0.3_shrunk   fold8 seed0  RMSE  27.14  ( 1065s elapsed)
  [186/400] F_mech0.3_shrunk   fold8 seed2  RMSE  27.54  ( 1065s elapsed)
  [187/400] F_gtcn             fold1 seed0  RMSE  98.22  ( 1067s elapsed)
  [188/400] F_mech0.3_shrunk   fold8 seed1  RMSE  27.50  ( 1071s elapsed)
  [189/400] F_mech0.3_shrunk   fold8 seed5  RMSE  26.57  ( 1075s elapsed)
  [190/400] F_gtcn             fold1 seed1  RMSE  95.38  ( 1087s elapsed)
  [191/400] F_mech0.3_shrunk   fold8 seed7  RMSE  27.02  ( 1103s elapsed)
  [192/400] F_mech0.3_shrunk   fold8 seed3  RMSE  28.85  ( 1106s elapsed)
  [193/400] F_mech0.3_shrunk   fold8 seed4  RMSE  30.03  ( 1107s elapsed)
  [194/400] F_gtcn             fold1 seed2  RMSE  99.36  ( 1117s elapsed)
  [195/400] F_gtcn             fold1 seed6  RMSE  95.88  ( 1127s elapsed)
  [196/400] F_gtcn             fold2 seed0  RMSE 119.15  ( 1139s elapsed)
  [197/400] F_gtcn             fold1 seed4  RMSE 100.60  ( 1144s elapsed)
  [198/400] F_gtcn             fold2 seed1  RMSE 125.16  ( 1156s elapsed)
  [199/400] F_gtcn             fold2 seed2  RMSE 120.21  ( 1157s elapsed)
  [200/400] F_gtcn             fold2 seed3  RMSE 122.18  ( 1159s elapsed)
  [201/400] F_gtcn             fold2 seed4  RMSE 119.84  ( 1168s elapsed)
  [202/400] F_gtcn             fold1 seed7  RMSE 103.87  ( 1168s elapsed)
  [203/400] F_gtcn             fold1 seed5  RMSE 104.24  ( 1174s elapsed)
  [204/400] F_gtcn             fold2 seed5  RMSE 119.50  ( 1179s elapsed)
  [205/400] F_gtcn             fold2 seed6  RMSE 124.84  ( 1191s elapsed)
  [206/400] F_gtcn             fold2 seed7  RMSE 125.41  ( 1194s elapsed)
  [207/400] F_gtcn             fold1 seed3  RMSE  88.30  ( 1199s elapsed)
  [208/400] F_gtcn             fold3 seed1  RMSE  22.22  ( 1229s elapsed)
  [209/400] F_gtcn             fold3 seed0  RMSE  22.19  ( 1242s elapsed)
  [210/400] F_gtcn             fold3 seed3  RMSE  22.59  ( 1244s elapsed)
  [211/400] F_gtcn             fold3 seed6  RMSE  22.31  ( 1245s elapsed)
  [212/400] F_gtcn             fold3 seed5  RMSE  22.36  ( 1254s elapsed)
  [213/400] F_gtcn             fold3 seed7  RMSE  22.06  ( 1255s elapsed)
  [214/400] F_mech0.3_shrunk   fold8 seed6  RMSE  29.29  ( 1257s elapsed)
  [215/400] F_gtcn             fold3 seed2  RMSE  22.04  ( 1262s elapsed)
  [216/400] F_gtcn             fold3 seed4  RMSE  21.87  ( 1287s elapsed)
  [217/400] F_gtcn             fold4 seed2  RMSE  30.96  ( 1320s elapsed)
  [218/400] F_gtcn             fold5 seed1  RMSE  53.75  ( 1354s elapsed)
  [219/400] F_gtcn             fold4 seed4  RMSE  30.72  ( 1356s elapsed)
  [220/400] F_gtcn             fold4 seed1  RMSE  32.69  ( 1362s elapsed)
  [221/400] F_gtcn             fold5 seed2  RMSE  54.35  ( 1385s elapsed)
  [222/400] F_gtcn             fold4 seed0  RMSE  31.29  ( 1391s elapsed)
  [223/400] F_gtcn             fold4 seed3  RMSE  31.32  ( 1392s elapsed)
  [224/400] F_gtcn             fold4 seed6  RMSE  31.41  ( 1404s elapsed)
  [225/400] F_gtcn             fold5 seed3  RMSE  54.19  ( 1413s elapsed)
  [226/400] F_gtcn             fold4 seed5  RMSE  31.76  ( 1419s elapsed)
  [227/400] F_gtcn             fold5 seed0  RMSE  52.87  ( 1423s elapsed)
  [228/400] F_gtcn             fold4 seed7  RMSE  31.20  ( 1423s elapsed)
  [229/400] F_gtcn             fold5 seed5  RMSE  53.69  ( 1444s elapsed)
  [230/400] F_gtcn             fold5 seed6  RMSE  54.68  ( 1453s elapsed)
  [231/400] F_gtcn             fold5 seed7  RMSE  54.23  ( 1479s elapsed)
  [232/400] F_gtcn             fold6 seed1  RMSE  10.46  ( 1506s elapsed)
  [233/400] F_gtcn             fold6 seed0  RMSE  10.61  ( 1526s elapsed)
  [234/400] F_gtcn             fold5 seed4  RMSE  57.40  ( 1528s elapsed)
  [235/400] F_gtcn             fold6 seed4  RMSE  10.70  ( 1545s elapsed)
  [236/400] F_gtcn             fold6 seed2  RMSE  10.73  ( 1546s elapsed)
  [237/400] F_gtcn             fold6 seed5  RMSE  10.49  ( 1577s elapsed)
  [238/400] F_gtcn             fold6 seed3  RMSE  10.90  ( 1587s elapsed)
  [239/400] F_gtcn             fold7 seed1  RMSE  88.89  ( 1595s elapsed)
  [240/400] F_gtcn             fold6 seed7  RMSE  10.89  ( 1602s elapsed)
  [241/400] F_gtcn             fold7 seed0  RMSE  83.93  ( 1626s elapsed)
  [242/400] F_gtcn             fold7 seed2  RMSE  87.60  ( 1627s elapsed)
  [243/400] F_gtcn             fold6 seed6  RMSE  11.05  ( 1629s elapsed)
  [244/400] F_gtcn             fold7 seed3  RMSE  88.57  ( 1651s elapsed)
  [245/400] F_gtcn             fold7 seed5  RMSE  90.02  ( 1659s elapsed)
  [246/400] F_gtcn             fold7 seed4  RMSE  87.72  ( 1669s elapsed)
  [247/400] F_gtcn             fold7 seed6  RMSE  88.97  ( 1672s elapsed)
  [248/400] F_gtcn             fold7 seed7  RMSE  87.69  ( 1717s elapsed)
  [249/400] F_gtcn_shrunk      fold1 seed0  RMSE  98.22  ( 1736s elapsed)
  [250/400] F_gtcn_shrunk      fold1 seed1  RMSE  95.38  ( 1753s elapsed)
  [251/400] F_gtcn_shrunk      fold1 seed2  RMSE  99.36  ( 1816s elapsed)
  [252/400] F_gtcn_shrunk      fold1 seed4  RMSE 100.60  ( 1830s elapsed)
  [253/400] F_gtcn_shrunk      fold1 seed3  RMSE  88.30  ( 1868s elapsed)
  [254/400] F_gtcn_shrunk      fold1 seed6  RMSE  95.88  ( 1886s elapsed)
  [255/400] F_gtcn             fold8 seed0  RMSE  27.04  ( 1902s elapsed)
  [256/400] F_gtcn_shrunk      fold1 seed5  RMSE 104.24  ( 1916s elapsed)
  [257/400] F_gtcn_shrunk      fold2 seed0  RMSE 129.59  ( 1939s elapsed)
  [258/400] F_gtcn_shrunk      fold2 seed1  RMSE 129.59  ( 1954s elapsed)
  [259/400] F_gtcn_shrunk      fold1 seed7  RMSE 103.87  ( 1961s elapsed)
  [260/400] F_gtcn             fold8 seed2  RMSE  27.51  ( 1964s elapsed)
  [261/400] F_gtcn             fold8 seed1  RMSE  26.66  ( 1966s elapsed)
  [262/400] F_gtcn_shrunk      fold2 seed2  RMSE 129.59  ( 1967s elapsed)
  [263/400] F_gtcn             fold8 seed4  RMSE  27.52  ( 1988s elapsed)
  [264/400] F_gtcn_shrunk      fold2 seed3  RMSE 129.59  ( 1990s elapsed)
  [265/400] F_gtcn_shrunk      fold2 seed4  RMSE 129.59  ( 2004s elapsed)
  [266/400] F_gtcn_shrunk      fold2 seed5  RMSE 129.59  ( 2013s elapsed)
  [267/400] F_gtcn_shrunk      fold2 seed7  RMSE 129.59  ( 2015s elapsed)
  [268/400] F_gtcn_shrunk      fold2 seed6  RMSE 129.59  ( 2016s elapsed)
  [269/400] F_gtcn_shrunk      fold3 seed0  RMSE  22.19  ( 2051s elapsed)
  [270/400] F_gtcn_shrunk      fold3 seed1  RMSE  22.22  ( 2057s elapsed)
  [271/400] F_gtcn             fold8 seed5  RMSE  27.21  ( 2067s elapsed)
  [272/400] F_gtcn_shrunk      fold3 seed3  RMSE  22.59  ( 2081s elapsed)
  [273/400] F_gtcn_shrunk      fold3 seed6  RMSE  21.99  ( 2084s elapsed)
  [274/400] F_gtcn_shrunk      fold3 seed2  RMSE  22.04  ( 2090s elapsed)
  [275/400] F_gtcn_shrunk      fold3 seed5  RMSE  22.36  ( 2095s elapsed)
  [276/400] F_gtcn_shrunk      fold3 seed7  RMSE  22.06  ( 2115s elapsed)
  [277/400] F_gtcn_shrunk      fold3 seed4  RMSE  21.87  ( 2129s elapsed)
  [278/400] F_gtcn_shrunk      fold4 seed2  RMSE  30.96  ( 2173s elapsed)
  [279/400] F_gtcn_shrunk      fold4 seed4  RMSE  30.72  ( 2203s elapsed)
  [280/400] F_gtcn_shrunk      fold4 seed1  RMSE  32.69  ( 2229s elapsed)
  [281/400] F_gtcn             fold8 seed6  RMSE  27.21  ( 2230s elapsed)
  [282/400] F_gtcn_shrunk      fold4 seed3  RMSE  31.32  ( 2233s elapsed)
  [283/400] F_gtcn             fold8 seed3  RMSE  28.08  ( 2248s elapsed)
  [284/400] F_gtcn_shrunk      fold4 seed0  RMSE  31.29  ( 2251s elapsed)
  [285/400] F_gtcn_shrunk      fold4 seed6  RMSE  31.41  ( 2269s elapsed)
  [286/400] F_gtcn_shrunk      fold4 seed5  RMSE  31.76  ( 2272s elapsed)
  [287/400] F_gtcn_shrunk      fold5 seed1  RMSE  53.75  ( 2295s elapsed)
  [288/400] F_gtcn             fold8 seed7  RMSE  27.09  ( 2296s elapsed)
  [289/400] F_gtcn_shrunk      fold4 seed7  RMSE  31.20  ( 2301s elapsed)
  [290/400] F_gtcn_shrunk      fold5 seed3  RMSE  53.95  ( 2322s elapsed)
  [291/400] F_gtcn_shrunk      fold5 seed2  RMSE  54.35  ( 2325s elapsed)
  [292/400] F_gtcn_shrunk      fold5 seed0  RMSE  52.87  ( 2336s elapsed)
  [293/400] F_gtcn_shrunk      fold5 seed5  RMSE  53.71  ( 2337s elapsed)
  [294/400] F_gtcn_shrunk      fold5 seed6  RMSE  54.68  ( 2342s elapsed)
  [295/400] F_gtcn_shrunk      fold5 seed7  RMSE  54.07  ( 2364s elapsed)
  [296/400] F_gtcn_shrunk      fold6 seed1  RMSE  10.51  ( 2406s elapsed)
  [297/400] F_gtcn_shrunk      fold5 seed4  RMSE  56.03  ( 2408s elapsed)
  [298/400] F_gtcn_shrunk      fold6 seed0  RMSE  10.61  ( 2410s elapsed)
  [299/400] F_gtcn_shrunk      fold6 seed2  RMSE  10.73  ( 2439s elapsed)
  [300/400] F_gtcn_shrunk      fold6 seed4  RMSE  10.70  ( 2447s elapsed)
  [301/400] F_gtcn_shrunk      fold6 seed3  RMSE  10.90  ( 2476s elapsed)
  [302/400] F_gtcn_shrunk      fold7 seed1  RMSE  88.89  ( 2479s elapsed)
  [303/400] F_gtcn_shrunk      fold6 seed5  RMSE  10.49  ( 2481s elapsed)
  [304/400] F_gtcn_shrunk      fold6 seed7  RMSE  10.89  ( 2496s elapsed)
  [305/400] F_gtcn_shrunk      fold7 seed0  RMSE  87.16  ( 2525s elapsed)
  [306/400] F_gtcn_shrunk      fold7 seed2  RMSE  87.60  ( 2536s elapsed)
  [307/400] F_gtcn_shrunk      fold6 seed6  RMSE  11.05  ( 2540s elapsed)
  [308/400] F_gtcn_shrunk      fold7 seed3  RMSE  88.57  ( 2541s elapsed)
  [309/400] F_gtcn_shrunk      fold7 seed5  RMSE  90.02  ( 2551s elapsed)
  [310/400] F_gtcn_shrunk      fold7 seed4  RMSE  87.72  ( 2563s elapsed)
  [311/400] F_gtcn_shrunk      fold7 seed6  RMSE  88.97  ( 2579s elapsed)
  [312/400] F_aug_jitter       fold1 seed0  RMSE  85.60  ( 2595s elapsed)
  [313/400] F_aug_jitter       fold1 seed1  RMSE  97.23  ( 2609s elapsed)
  [314/400] F_gtcn_shrunk      fold7 seed7  RMSE  87.69  ( 2620s elapsed)
  [315/400] F_aug_jitter       fold1 seed2  RMSE 116.86  ( 2630s elapsed)
  [316/400] F_aug_jitter       fold2 seed0  RMSE 131.35  ( 2690s elapsed)
  [317/400] F_aug_jitter       fold2 seed1  RMSE 256.76  ( 2706s elapsed)
  [318/400] F_aug_jitter       fold2 seed2  RMSE 236.69  ( 2771s elapsed)
  [319/400] F_aug_jitter       fold3 seed0  RMSE  23.35  ( 2772s elapsed)
  [320/400] F_gtcn_shrunk      fold8 seed0  RMSE  27.04  ( 2813s elapsed)
  [321/400] F_aug_jitter       fold4 seed0  RMSE  30.94  ( 2823s elapsed)
  [322/400] F_aug_jitter       fold3 seed1  RMSE  22.90  ( 2828s elapsed)
  [323/400] F_aug_jitter       fold3 seed2  RMSE  22.89  ( 2850s elapsed)
  [324/400] F_gtcn_shrunk      fold8 seed1  RMSE  26.66  ( 2857s elapsed)
  [325/400] F_gtcn_shrunk      fold8 seed2  RMSE  27.51  ( 2857s elapsed)
  [326/400] F_aug_jitter       fold4 seed1  RMSE  33.38  ( 2879s elapsed)
  [327/400] F_gtcn_shrunk      fold8 seed4  RMSE  27.52  ( 2899s elapsed)
  [328/400] F_aug_jitter       fold5 seed0  RMSE  54.70  ( 2903s elapsed)
  [329/400] F_aug_jitter       fold4 seed2  RMSE  33.02  ( 2908s elapsed)
  [330/400] F_aug_jitter       fold5 seed1  RMSE  53.32  ( 2927s elapsed)
  [331/400] F_aug_jitter       fold6 seed0  RMSE  10.53  ( 2928s elapsed)
  [332/400] F_aug_jitter       fold6 seed1  RMSE  11.18  ( 2952s elapsed)
  [333/400] F_aug_jitter       fold5 seed2  RMSE  60.47  ( 2953s elapsed)
  [334/400] F_aug_jitter       fold6 seed2  RMSE  10.90  ( 2975s elapsed)
  [335/400] F_aug_jitter       fold7 seed0  RMSE  89.90  ( 2981s elapsed)
  [336/400] F_gtcn_shrunk      fold8 seed5  RMSE  27.21  ( 2986s elapsed)
  [337/400] F_aug_jitter       fold7 seed1  RMSE  91.46  ( 2990s elapsed)
  [338/400] F_aug_window_warp  fold1 seed0  RMSE  86.68  ( 3006s elapsed)
  [339/400] F_aug_jitter       fold7 seed2  RMSE  88.40  ( 3010s elapsed)
  [340/400] F_aug_window_warp  fold1 seed1  RMSE  97.16  ( 3011s elapsed)
  [341/400] F_aug_window_warp  fold1 seed2  RMSE 117.87  ( 3021s elapsed)
  [342/400] F_aug_jitter       fold8 seed0  RMSE  28.07  ( 3034s elapsed)
  [343/400] F_aug_jitter       fold8 seed1  RMSE  28.13  ( 3050s elapsed)
  [344/400] F_aug_window_warp  fold3 seed0  RMSE  22.28  ( 3096s elapsed)
  [345/400] F_aug_window_warp  fold2 seed0  RMSE 263.54  ( 3104s elapsed)
  [346/400] F_aug_window_warp  fold2 seed2  RMSE 160.58  ( 3105s elapsed)
  [347/400] F_aug_window_warp  fold4 seed0  RMSE  30.92  ( 3106s elapsed)
  [348/400] F_aug_window_warp  fold3 seed2  RMSE  23.03  ( 3116s elapsed)
  [349/400] F_gtcn_shrunk      fold8 seed6  RMSE  27.21  ( 3129s elapsed)
  [350/400] F_aug_window_warp  fold2 seed1  RMSE 148.08  ( 3147s elapsed)
  [351/400] F_gtcn_shrunk      fold8 seed3  RMSE  28.08  ( 3155s elapsed)
  [352/400] F_aug_window_warp  fold3 seed1  RMSE  23.24  ( 3159s elapsed)
  [353/400] F_aug_window_warp  fold4 seed1  RMSE  33.24  ( 3162s elapsed)
  [354/400] F_aug_window_warp  fold5 seed1  RMSE  52.96  ( 3176s elapsed)
  [355/400] F_aug_window_warp  fold5 seed0  RMSE  54.11  ( 3181s elapsed)
  [356/400] F_aug_window_warp  fold4 seed2  RMSE  32.90  ( 3189s elapsed)
  [357/400] F_aug_window_warp  fold6 seed0  RMSE  10.53  ( 3200s elapsed)
  [358/400] F_aug_jitter       fold8 seed2  RMSE  27.62  ( 3203s elapsed)
  [359/400] F_aug_window_warp  fold5 seed2  RMSE  61.23  ( 3213s elapsed)
  [360/400] F_gtcn_shrunk      fold8 seed7  RMSE  27.09  ( 3214s elapsed)
  [361/400] F_aug_window_warp  fold6 seed1  RMSE  11.11  ( 3222s elapsed)
  [362/400] F_aug_window_warp  fold6 seed2  RMSE  10.88  ( 3230s elapsed)
  [363/400] F_aug_window_warp  fold7 seed0  RMSE  89.92  ( 3240s elapsed)
  [364/400] F_aug_window_warp  fold7 seed1  RMSE  91.16  ( 3248s elapsed)
  [365/400] F_aug_gan          fold1 seed0  RMSE 234.23  ( 3251s elapsed)
  [366/400] F_aug_gan          fold1 seed1  RMSE  97.63  ( 3254s elapsed)
  [367/400] F_aug_window_warp  fold7 seed2  RMSE  88.34  ( 3262s elapsed)
  [368/400] F_aug_gan          fold1 seed2  RMSE 140.84  ( 3287s elapsed)
  [369/400] F_aug_gan          fold2 seed2  RMSE 217.83  ( 3287s elapsed)
  [370/400] F_aug_window_warp  fold8 seed0  RMSE  28.08  ( 3293s elapsed)
  [371/400] F_aug_window_warp  fold8 seed1  RMSE  27.89  ( 3293s elapsed)
  [372/400] F_aug_gan          fold2 seed0  RMSE 509.40  ( 3306s elapsed)
  [373/400] F_aug_gan          fold3 seed2  RMSE  26.75  ( 3317s elapsed)
  [374/400] F_aug_gan          fold4 seed0  RMSE  57.03  ( 3323s elapsed)
  [375/400] F_aug_gan          fold3 seed1  RMSE  27.21  ( 3351s elapsed)
  [376/400] F_aug_gan          fold4 seed2  RMSE  38.34  ( 3355s elapsed)
  [377/400] F_aug_gan          fold3 seed0  RMSE  40.18  ( 3390s elapsed)
  [378/400] F_aug_gan          fold6 seed0  RMSE  12.64  ( 3393s elapsed)
  [379/400] F_aug_gan          fold5 seed1  RMSE  69.82  ( 3403s elapsed)
  [380/400] F_aug_gan          fold5 seed0  RMSE 113.17  ( 3404s elapsed)
  [381/400] F_aug_gan          fold5 seed2  RMSE  79.22  ( 3407s elapsed)
  [382/400] F_aug_gan          fold6 seed1  RMSE  11.40  ( 3411s elapsed)
  [383/400] persistence        fold1 seed0  RMSE  73.52  ( 3411s elapsed)
  [384/400] persistence        fold2 seed0  RMSE 129.59  ( 3411s elapsed)
  [385/400] persistence        fold3 seed0  RMSE  21.99  ( 3411s elapsed)
  [386/400] persistence        fold4 seed0  RMSE  31.01  ( 3411s elapsed)
  [387/400] persistence        fold5 seed0  RMSE  53.95  ( 3411s elapsed)
  [388/400] persistence        fold6 seed0  RMSE  10.67  ( 3411s elapsed)
  [389/400] persistence        fold7 seed0  RMSE  93.21  ( 3411s elapsed)
  [390/400] persistence        fold8 seed0  RMSE  26.99  ( 3411s elapsed)
  [391/400] F_aug_gan          fold4 seed1  RMSE  36.72  ( 3420s elapsed)
  [392/400] F_aug_gan          fold2 seed1  RMSE 159.51  ( 3433s elapsed)
  [393/400] F_aug_gan          fold7 seed0  RMSE 107.89  ( 3441s elapsed)
  [394/400] F_aug_gan          fold6 seed2  RMSE  11.21  ( 3446s elapsed)
  [395/400] F_aug_window_warp  fold8 seed2  RMSE  32.75  ( 3473s elapsed)
  [396/400] F_aug_gan          fold7 seed2  RMSE  86.20  ( 3474s elapsed)
  [397/400] F_aug_gan          fold8 seed1  RMSE  27.60  ( 3478s elapsed)
  [398/400] F_aug_gan          fold8 seed2  RMSE  26.23  ( 3480s elapsed)
  [399/400] F_aug_gan          fold7 seed1  RMSE  88.26  ( 3482s elapsed)
  [400/400] F_aug_gan          fold8 seed0  RMSE  32.25  ( 3482s elapsed)

wrote 1600 rows to results\phase3_final.csv in 3484s (8.7s per job)
