88 jobs (baselines) on 11 workers
  [  1/88] seasonal_naive     fold1 seed0  RMSE 177.21  (    7s elapsed)
  [  2/88] seasonal_naive     fold2 seed0  RMSE 249.46  (    7s elapsed)
  [  3/88] seasonal_naive     fold3 seed0  RMSE 282.56  (    7s elapsed)
  [  4/88] seasonal_naive     fold4 seed0  RMSE  53.94  (    7s elapsed)
  [  5/88] seasonal_naive     fold5 seed0  RMSE 131.06  (    7s elapsed)
  [  6/88] seasonal_naive     fold6 seed0  RMSE 122.79  (    7s elapsed)
  [  7/88] seasonal_naive     fold7 seed0  RMSE 134.38  (    7s elapsed)
  [  8/88] seasonal_naive     fold8 seed0  RMSE  73.93  (    7s elapsed)
  [  9/88] ridge              fold2 seed0  RMSE 1959.72  (   13s elapsed)
  [ 10/88] ridge              fold4 seed0  RMSE  32.32  (   13s elapsed)
  [ 11/88] ridge              fold1 seed0  RMSE 141.23  (   13s elapsed)
  [ 12/88] ridge              fold6 seed0  RMSE  10.72  (   13s elapsed)
  [ 13/88] ridge              fold7 seed0  RMSE  71.46  (   13s elapsed)
  [ 14/88] ridge              fold8 seed0  RMSE  25.22  (   13s elapsed)
  [ 15/88] ridge              fold5 seed0  RMSE  61.30  (   13s elapsed)
  [ 16/88] ridge              fold3 seed0  RMSE  24.51  (   13s elapsed)
  [ 17/88] random_forest      fold1 seed1  RMSE  99.96  (   54s elapsed)
  [ 18/88] random_forest      fold1 seed0  RMSE 100.82  (   54s elapsed)
  [ 19/88] random_forest      fold1 seed2  RMSE 101.98  (   54s elapsed)
  [ 20/88] random_forest      fold2 seed2  RMSE 126.40  (   58s elapsed)
  [ 21/88] random_forest      fold2 seed0  RMSE 125.29  (   60s elapsed)
  [ 22/88] random_forest      fold2 seed1  RMSE 125.67  (   64s elapsed)
  [ 23/88] random_forest      fold3 seed1  RMSE  22.37  (   69s elapsed)
  [ 24/88] random_forest      fold3 seed2  RMSE  22.81  (   77s elapsed)
  [ 25/88] random_forest      fold3 seed0  RMSE  23.43  (   78s elapsed)
  [ 26/88] random_forest      fold4 seed0  RMSE  32.08  (   80s elapsed)
  [ 27/88] random_forest      fold4 seed1  RMSE  32.03  (   84s elapsed)
  [ 28/88] random_forest      fold4 seed2  RMSE  32.23  (  137s elapsed)
  [ 29/88] random_forest      fold5 seed1  RMSE  56.06  (  144s elapsed)
  [ 30/88] random_forest      fold5 seed0  RMSE  55.66  (  150s elapsed)
  [ 31/88] random_forest      fold5 seed2  RMSE  55.57  (  152s elapsed)
  [ 32/88] random_forest      fold6 seed0  RMSE  11.57  (  159s elapsed)
  [ 33/88] xgboost            fold1 seed0  RMSE 102.81  (  160s elapsed)
  [ 34/88] xgboost            fold1 seed1  RMSE 101.55  (  163s elapsed)
  [ 35/88] xgboost            fold1 seed2  RMSE 102.02  (  169s elapsed)
  [ 36/88] xgboost            fold2 seed0  RMSE 134.88  (  171s elapsed)
  [ 37/88] random_forest      fold6 seed1  RMSE  11.65  (  172s elapsed)
  [ 38/88] xgboost            fold2 seed1  RMSE 132.25  (  174s elapsed)
  [ 39/88] random_forest      fold6 seed2  RMSE  11.67  (  175s elapsed)
  [ 40/88] xgboost            fold2 seed2  RMSE 128.20  (  178s elapsed)
  [ 41/88] xgboost            fold3 seed0  RMSE  25.04  (  183s elapsed)
  [ 42/88] xgboost            fold3 seed1  RMSE  24.61  (  184s elapsed)
  [ 43/88] xgboost            fold3 seed2  RMSE  24.98  (  185s elapsed)
  [ 44/88] xgboost            fold4 seed0  RMSE  32.09  (  186s elapsed)
  [ 45/88] xgboost            fold4 seed1  RMSE  32.76  (  188s elapsed)
  [ 46/88] xgboost            fold4 seed2  RMSE  32.71  (  195s elapsed)
  [ 47/88] xgboost            fold5 seed2  RMSE  59.43  (  196s elapsed)
  [ 48/88] xgboost            fold5 seed0  RMSE  59.52  (  196s elapsed)
  [ 49/88] xgboost            fold5 seed1  RMSE  59.52  (  198s elapsed)
  [ 50/88] xgboost            fold6 seed0  RMSE  12.51  (  199s elapsed)
  [ 51/88] random_forest      fold7 seed1  RMSE  76.56  (  206s elapsed)
  [ 52/88] xgboost            fold6 seed2  RMSE  12.11  (  208s elapsed)
  [ 53/88] xgboost            fold6 seed1  RMSE  12.43  (  208s elapsed)
  [ 54/88] xgboost            fold7 seed0  RMSE  70.95  (  210s elapsed)
  [ 55/88] random_forest      fold7 seed0  RMSE  76.45  (  211s elapsed)
  [ 56/88] xgboost            fold7 seed2  RMSE  71.15  (  211s elapsed)
  [ 57/88] xgboost            fold7 seed1  RMSE  71.25  (  212s elapsed)
  [ 58/88] random_forest      fold7 seed2  RMSE  75.94  (  213s elapsed)
  [ 59/88] random_forest      fold8 seed0  RMSE  25.09  (  213s elapsed)
  [ 60/88] xgboost            fold8 seed0  RMSE  25.09  (  218s elapsed)
  [ 61/88] xgboost            fold8 seed1  RMSE  25.15  (  219s elapsed)
  [ 62/88] xgboost            fold8 seed2  RMSE  24.91  (  221s elapsed)
  [ 63/88] lstm               fold1 seed2  RMSE  99.68  (  238s elapsed)
  [ 64/88] lstm               fold2 seed0  RMSE 125.90  (  245s elapsed)
  [ 65/88] lstm               fold1 seed1  RMSE 104.14  (  247s elapsed)
  [ 66/88] lstm               fold1 seed0  RMSE 100.65  (  255s elapsed)
  [ 67/88] lstm               fold2 seed2  RMSE 125.07  (  256s elapsed)
  [ 68/88] lstm               fold2 seed1  RMSE 147.90  (  260s elapsed)
  [ 69/88] random_forest      fold8 seed1  RMSE  25.24  (  272s elapsed)
  [ 70/88] lstm               fold4 seed1  RMSE  31.97  (  273s elapsed)
  [ 71/88] random_forest      fold8 seed2  RMSE  25.03  (  280s elapsed)
  [ 72/88] lstm               fold4 seed0  RMSE  31.25  (  280s elapsed)
  [ 73/88] lstm               fold3 seed0  RMSE  22.96  (  287s elapsed)
  [ 74/88] lstm               fold5 seed2  RMSE  55.91  (  296s elapsed)
  [ 75/88] lstm               fold5 seed0  RMSE  56.98  (  305s elapsed)
  [ 76/88] lstm               fold3 seed2  RMSE  22.62  (  311s elapsed)
  [ 77/88] lstm               fold3 seed1  RMSE  23.84  (  312s elapsed)
  [ 78/88] lstm               fold6 seed1  RMSE  10.45  (  327s elapsed)
  [ 79/88] lstm               fold6 seed2  RMSE  10.45  (  336s elapsed)
  [ 80/88] lstm               fold4 seed2  RMSE  31.59  (  357s elapsed)
  [ 81/88] lstm               fold7 seed1  RMSE  85.19  (  358s elapsed)
  [ 82/88] lstm               fold5 seed1  RMSE  56.41  (  364s elapsed)
  [ 83/88] lstm               fold7 seed2  RMSE  84.47  (  368s elapsed)
  [ 84/88] lstm               fold7 seed0  RMSE  81.74  (  373s elapsed)
  [ 85/88] lstm               fold6 seed0  RMSE  11.38  (  388s elapsed)
  [ 86/88] lstm               fold8 seed1  RMSE  23.69  (  392s elapsed)
  [ 87/88] lstm               fold8 seed0  RMSE  23.20  (  394s elapsed)
  [ 88/88] lstm               fold8 seed2  RMSE  23.42  (  395s elapsed)
Traceback (most recent call last):
  File "C:\Users\tharu\dev\dengue-forecasting-gnn\scripts\run_phase3.py", line 186, in <module>
    raise SystemExit(main())
                     ^^^^^^
  File "C:\Users\tharu\dev\dengue-forecasting-gnn\scripts\run_phase3.py", line 178, in main
    f"\nwrote {len(rows)} rows to {args.out.relative_to(REPO)} in {elapsed:.0f}s "
                                   ^^^^^^^^^^^^^^^^^^^^^^^^^^
  File "C:\Users\tharu\AppData\Local\Programs\Python\Python311\Lib\pathlib.py", line 730, in relative_to
    raise ValueError("{!r} is not in the subpath of {!r}"
ValueError: 'results\\phase3_baselines.csv' is not in the subpath of 'C:\\Users\\tharu\\dev\\dengue-forecasting-gnn' OR one path is relative and the other is absolute.
