9 configs x 8 folds x 3 seeds = 224 jobs on 11 workers
  [  1/224] dense_fixed        fold1 seed0  RMSE 129.31  (   31s elapsed)
  [  2/224] dense_fixed        fold1 seed2  RMSE 100.23  (   36s elapsed)
  [  3/224] dense_fixed        fold1 seed1  RMSE 109.91  (   38s elapsed)
  [  4/224] dense_fixed        fold3 seed1  RMSE  21.55  (   46s elapsed)
  [  5/224] dense_fixed        fold2 seed2  RMSE 159.35  (   51s elapsed)
  [  6/224] dense_fixed        fold2 seed1  RMSE 172.09  (   59s elapsed)
  [  7/224] dense_fixed        fold4 seed1  RMSE  32.36  (   69s elapsed)
  [  8/224] dense_fixed        fold3 seed0  RMSE  21.68  (   73s elapsed)
  [  9/224] dense_fixed        fold3 seed2  RMSE  21.36  (   74s elapsed)
  [ 10/224] dense_fixed        fold4 seed0  RMSE  31.02  (   76s elapsed)
  [ 11/224] dense_fixed        fold6 seed0  RMSE  12.14  (   90s elapsed)
  [ 12/224] dense_fixed        fold2 seed0  RMSE 156.57  (   93s elapsed)
  [ 13/224] dense_fixed        fold5 seed2  RMSE  59.45  (  104s elapsed)
  [ 14/224] dense_fixed        fold7 seed1  RMSE  88.76  (  105s elapsed)
  [ 15/224] dense_fixed        fold5 seed0  RMSE  58.80  (  109s elapsed)
  [ 16/224] dense_fixed        fold6 seed1  RMSE  10.69  (  113s elapsed)
  [ 17/224] dense_fixed        fold4 seed2  RMSE  30.99  (  116s elapsed)
  [ 18/224] dense_fixed        fold5 seed1  RMSE  61.88  (  132s elapsed)
  [ 19/224] adaptive           fold1 seed2  RMSE 119.05  (  133s elapsed)
  [ 20/224] adaptive           fold1 seed0  RMSE  92.75  (  138s elapsed)
  [ 21/224] adaptive           fold1 seed1  RMSE  91.91  (  146s elapsed)
  [ 22/224] dense_fixed        fold7 seed0  RMSE  88.75  (  146s elapsed)
  [ 23/224] dense_fixed        fold6 seed2  RMSE  11.31  (  158s elapsed)
  [ 24/224] dense_fixed        fold7 seed2  RMSE  90.27  (  160s elapsed)
  [ 25/224] adaptive           fold2 seed0  RMSE 121.39  (  161s elapsed)
  [ 26/224] adaptive           fold2 seed1  RMSE 153.41  (  188s elapsed)
  [ 27/224] adaptive           fold4 seed1  RMSE  30.72  (  193s elapsed)
  [ 28/224] adaptive           fold3 seed1  RMSE  21.56  (  210s elapsed)
  [ 29/224] adaptive           fold3 seed2  RMSE  20.89  (  213s elapsed)
  [ 30/224] adaptive           fold3 seed0  RMSE  23.92  (  222s elapsed)
  [ 31/224] adaptive           fold4 seed0  RMSE  30.69  (  224s elapsed)
  [ 32/224] adaptive           fold5 seed0  RMSE  55.89  (  224s elapsed)
  [ 33/224] dense_fixed        fold8 seed0  RMSE  27.69  (  228s elapsed)
  [ 34/224] adaptive           fold5 seed1  RMSE  57.03  (  230s elapsed)
  [ 35/224] adaptive           fold2 seed2  RMSE 147.40  (  263s elapsed)
  [ 36/224] adaptive           fold7 seed0  RMSE  88.27  (  268s elapsed)
  [ 37/224] adaptive           fold6 seed2  RMSE  10.63  (  272s elapsed)
  [ 38/224] adaptive           fold7 seed1  RMSE  90.56  (  274s elapsed)
  [ 39/224] adaptive           fold7 seed2  RMSE  85.52  (  277s elapsed)
  [ 40/224] dense_fixed        fold8 seed2  RMSE  27.84  (  282s elapsed)
  [ 41/224] adaptive           fold6 seed0  RMSE  10.73  (  295s elapsed)
  [ 42/224] adaptive           fold4 seed2  RMSE  34.10  (  296s elapsed)
  [ 43/224] adaptive           fold6 seed1  RMSE  11.94  (  298s elapsed)
  [ 44/224] adaptive           fold5 seed2  RMSE  59.05  (  306s elapsed)
  [ 45/224] adaptive_lam0.01   fold1 seed2  RMSE 123.14  (  307s elapsed)
  [ 46/224] adaptive_lam0.01   fold1 seed1  RMSE  95.81  (  311s elapsed)
  [ 47/224] adaptive_lam0.01   fold1 seed0  RMSE 102.94  (  317s elapsed)
  [ 48/224] adaptive           fold8 seed2  RMSE  27.57  (  318s elapsed)
  [ 49/224] dense_fixed        fold8 seed1  RMSE  28.20  (  334s elapsed)
  [ 50/224] adaptive_lam0.01   fold2 seed1  RMSE 149.03  (  341s elapsed)
  [ 51/224] adaptive_lam0.01   fold2 seed0  RMSE 119.95  (  357s elapsed)
  [ 52/224] adaptive_lam0.01   fold3 seed1  RMSE  22.93  (  369s elapsed)
  [ 53/224] adaptive_lam0.01   fold2 seed2  RMSE 142.21  (  372s elapsed)
  [ 54/224] adaptive_lam0.01   fold4 seed1  RMSE  30.59  (  388s elapsed)
  [ 55/224] adaptive_lam0.01   fold4 seed2  RMSE  31.11  (  407s elapsed)
  [ 56/224] adaptive_lam0.01   fold4 seed0  RMSE  30.38  (  421s elapsed)
  [ 57/224] adaptive           fold8 seed1  RMSE  28.01  (  427s elapsed)
  [ 58/224] adaptive_lam0.01   fold5 seed0  RMSE  57.40  (  430s elapsed)
  [ 59/224] adaptive_lam0.01   fold6 seed1  RMSE  10.88  (  433s elapsed)
  [ 60/224] adaptive_lam0.01   fold6 seed0  RMSE  12.35  (  439s elapsed)
  [ 61/224] adaptive_lam0.01   fold5 seed2  RMSE  62.11  (  441s elapsed)
  [ 62/224] adaptive_lam0.01   fold3 seed0  RMSE  24.59  (  446s elapsed)
  [ 63/224] adaptive_lam0.01   fold3 seed2  RMSE  21.68  (  455s elapsed)
  [ 64/224] adaptive_lam0.01   fold6 seed2  RMSE  10.62  (  465s elapsed)
  [ 65/224] adaptive_lam0.1    fold1 seed0  RMSE 140.42  (  479s elapsed)
  [ 66/224] adaptive_lam0.01   fold5 seed1  RMSE  61.90  (  490s elapsed)
  [ 67/224] adaptive_lam0.01   fold7 seed0  RMSE  87.90  (  490s elapsed)
  [ 68/224] adaptive_lam0.1    fold1 seed2  RMSE 146.26  (  492s elapsed)
  [ 69/224] adaptive_lam0.1    fold1 seed1  RMSE 119.74  (  497s elapsed)
  [ 70/224] adaptive           fold8 seed0  RMSE  28.93  (  519s elapsed)
  [ 71/224] adaptive_lam0.01   fold7 seed2  RMSE  85.06  (  521s elapsed)
  [ 72/224] adaptive_lam0.1    fold2 seed2  RMSE 212.79  (  531s elapsed)
  [ 73/224] adaptive_lam0.1    fold2 seed0  RMSE 141.75  (  532s elapsed)
  [ 74/224] adaptive_lam0.1    fold3 seed0  RMSE  21.62  (  539s elapsed)
  [ 75/224] adaptive_lam0.1    fold2 seed1  RMSE 207.51  (  542s elapsed)
  [ 76/224] adaptive_lam0.01   fold7 seed1  RMSE  91.94  (  550s elapsed)
  [ 77/224] adaptive_lam0.1    fold4 seed0  RMSE  31.93  (  572s elapsed)
  [ 78/224] adaptive_lam0.1    fold4 seed1  RMSE  32.53  (  584s elapsed)
  [ 79/224] adaptive_lam0.01   fold8 seed2  RMSE  26.85  (  587s elapsed)
  [ 80/224] adaptive_lam0.1    fold4 seed2  RMSE  32.42  (  597s elapsed)
  [ 81/224] adaptive_lam0.1    fold5 seed0  RMSE  69.53  (  616s elapsed)
  [ 82/224] adaptive_lam0.1    fold6 seed0  RMSE  10.66  (  617s elapsed)
  [ 83/224] adaptive_lam0.1    fold5 seed1  RMSE  55.64  (  627s elapsed)
  [ 84/224] adaptive_lam0.1    fold5 seed2  RMSE  57.98  (  631s elapsed)
  [ 85/224] adaptive_lam0.1    fold7 seed0  RMSE  84.67  (  649s elapsed)
  [ 86/224] adaptive_lam0.1    fold3 seed2  RMSE  24.14  (  653s elapsed)
  [ 87/224] adaptive_lam0.1    fold3 seed1  RMSE  24.86  (  661s elapsed)
  [ 88/224] adaptive_lam0.1    fold6 seed1  RMSE  10.96  (  673s elapsed)
  [ 89/224] adaptive_lam0.1    fold7 seed2  RMSE  81.31  (  681s elapsed)
  [ 90/224] adaptive_lam1.0    fold1 seed0  RMSE 183.75  (  692s elapsed)
  [ 91/224] adaptive_lam1.0    fold1 seed1  RMSE 187.03  (  696s elapsed)
  [ 92/224] adaptive_lam1.0    fold1 seed2  RMSE 185.02  (  708s elapsed)
  [ 93/224] adaptive_lam1.0    fold2 seed0  RMSE 241.79  (  721s elapsed)
  [ 94/224] adaptive_lam0.1    fold7 seed1  RMSE  87.46  (  728s elapsed)
  [ 95/224] adaptive_lam0.1    fold6 seed2  RMSE  11.81  (  743s elapsed)
  [ 96/224] adaptive_lam0.01   fold8 seed1  RMSE  29.13  (  745s elapsed)
  [ 97/224] adaptive_lam1.0    fold2 seed2  RMSE 209.97  (  750s elapsed)
  [ 98/224] adaptive_lam1.0    fold3 seed2  RMSE  43.96  (  762s elapsed)
  [ 99/224] adaptive_lam1.0    fold4 seed2  RMSE  45.40  (  784s elapsed)
  [100/224] adaptive_lam1.0    fold2 seed1  RMSE 262.44  (  785s elapsed)
  [101/224] adaptive_lam0.01   fold8 seed0  RMSE  26.86  (  787s elapsed)
  [102/224] adaptive_lam1.0    fold4 seed0  RMSE  44.90  (  799s elapsed)
  [103/224] adaptive_lam1.0    fold4 seed1  RMSE  43.91  (  799s elapsed)
  [104/224] adaptive_lam1.0    fold5 seed0  RMSE 131.98  (  800s elapsed)
  [105/224] adaptive_lam0.1    fold8 seed2  RMSE  25.72  (  815s elapsed)
  [106/224] adaptive_lam0.1    fold8 seed0  RMSE  26.19  (  817s elapsed)
  [107/224] adaptive_lam1.0    fold3 seed1  RMSE  47.81  (  828s elapsed)
  [108/224] adaptive_lam1.0    fold6 seed0  RMSE  10.99  (  832s elapsed)
  [109/224] adaptive_lam1.0    fold5 seed1  RMSE 114.66  (  841s elapsed)
  [110/224] adaptive_lam1.0    fold7 seed0  RMSE  78.87  (  848s elapsed)
  [111/224] adaptive_lam1.0    fold5 seed2  RMSE 118.62  (  851s elapsed)
  [112/224] adaptive_lam1.0    fold6 seed2  RMSE  11.29  (  874s elapsed)
  [113/224] adaptive_d4        fold1 seed0  RMSE 122.24  (  875s elapsed)
  [114/224] adaptive_d4        fold1 seed1  RMSE 102.78  (  877s elapsed)
  [115/224] adaptive_lam1.0    fold8 seed0  RMSE  25.00  (  880s elapsed)
  [116/224] adaptive_lam1.0    fold8 seed1  RMSE  24.57  (  885s elapsed)
  [117/224] adaptive_lam1.0    fold6 seed1  RMSE  14.79  (  887s elapsed)
  [118/224] adaptive_lam1.0    fold7 seed1  RMSE  78.81  (  889s elapsed)
  [119/224] adaptive_lam1.0    fold3 seed0  RMSE  49.91  (  900s elapsed)
  [120/224] adaptive_d4        fold1 seed2  RMSE 102.81  (  901s elapsed)
  [121/224] adaptive_lam1.0    fold7 seed2  RMSE  97.95  (  903s elapsed)
  [122/224] adaptive_d4        fold3 seed1  RMSE  20.90  (  914s elapsed)
  [123/224] adaptive_d4        fold3 seed0  RMSE  22.89  (  924s elapsed)
  [124/224] adaptive_d4        fold3 seed2  RMSE  21.38  (  930s elapsed)
  [125/224] adaptive_lam1.0    fold8 seed2  RMSE  24.86  (  935s elapsed)
  [126/224] adaptive_d4        fold4 seed1  RMSE  31.92  (  936s elapsed)
  [127/224] adaptive_d4        fold2 seed1  RMSE 401.55  (  939s elapsed)
  [128/224] adaptive_d4        fold4 seed0  RMSE  32.46  (  948s elapsed)
  [129/224] adaptive_lam0.1    fold8 seed1  RMSE  28.47  (  955s elapsed)
  [130/224] adaptive_d4        fold4 seed2  RMSE  31.83  (  964s elapsed)
  [131/224] adaptive_d4        fold6 seed1  RMSE  10.78  (  970s elapsed)
  [132/224] adaptive_d4        fold6 seed2  RMSE  10.73  (  971s elapsed)
  [133/224] adaptive_d4        fold2 seed0  RMSE 160.96  (  972s elapsed)
  [134/224] adaptive_d4        fold7 seed1  RMSE  92.07  (  988s elapsed)
  [135/224] adaptive_d4        fold5 seed1  RMSE  56.37  (  991s elapsed)
  [136/224] adaptive_d4        fold2 seed2  RMSE 156.81  (  991s elapsed)
  [137/224] adaptive_d4        fold5 seed0  RMSE  59.12  (  996s elapsed)
  [138/224] adaptive_d4        fold8 seed0  RMSE  26.52  ( 1012s elapsed)
  [139/224] adaptive_d20       fold1 seed0  RMSE  92.00  ( 1017s elapsed)
  [140/224] adaptive_d20       fold1 seed1  RMSE 121.06  ( 1017s elapsed)
  [141/224] adaptive_d4        fold7 seed0  RMSE  89.87  ( 1018s elapsed)
  [142/224] adaptive_d4        fold5 seed2  RMSE  57.60  ( 1018s elapsed)
  [143/224] adaptive_d20       fold1 seed2  RMSE  94.43  ( 1022s elapsed)
  [144/224] adaptive_d4        fold6 seed0  RMSE  11.92  ( 1025s elapsed)
  [145/224] adaptive_d20       fold3 seed1  RMSE  21.47  ( 1043s elapsed)
  [146/224] adaptive_d20       fold2 seed0  RMSE 193.94  ( 1046s elapsed)
  [147/224] adaptive_d4        fold7 seed2  RMSE  89.33  ( 1046s elapsed)
  [148/224] adaptive_d20       fold2 seed1  RMSE 173.60  ( 1052s elapsed)
  [149/224] adaptive_d20       fold2 seed2  RMSE 125.98  ( 1053s elapsed)
  [150/224] adaptive_d20       fold3 seed2  RMSE  22.41  ( 1062s elapsed)
  [151/224] adaptive_d20       fold3 seed0  RMSE  22.88  ( 1073s elapsed)
  [152/224] adaptive_d4        fold8 seed2  RMSE  27.54  ( 1074s elapsed)
  [153/224] adaptive_d20       fold5 seed0  RMSE  60.25  ( 1090s elapsed)
  [154/224] adaptive_d20       fold4 seed2  RMSE  33.71  ( 1091s elapsed)
  [155/224] adaptive_d20       fold4 seed1  RMSE  31.03  ( 1093s elapsed)
  [156/224] adaptive_d20       fold5 seed2  RMSE  56.97  ( 1095s elapsed)
  [157/224] adaptive_d4        fold8 seed1  RMSE  26.94  ( 1099s elapsed)
  [158/224] adaptive_d20       fold5 seed1  RMSE  59.50  ( 1101s elapsed)
  [159/224] adaptive_d20       fold4 seed0  RMSE  31.60  ( 1103s elapsed)
  [160/224] adaptive_d20       fold6 seed2  RMSE  12.02  ( 1118s elapsed)
  [161/224] adaptive_d20       fold7 seed0  RMSE  90.62  ( 1119s elapsed)
  [162/224] adaptive_d20       fold7 seed1  RMSE  91.15  ( 1125s elapsed)
  [163/224] adaptive_h32       fold1 seed0  RMSE  87.08  ( 1126s elapsed)
  [164/224] adaptive_h32       fold1 seed1  RMSE  95.52  ( 1132s elapsed)
  [165/224] adaptive_h32       fold1 seed2  RMSE  81.64  ( 1132s elapsed)
  [166/224] adaptive_h32       fold2 seed0  RMSE 155.43  ( 1136s elapsed)
  [167/224] adaptive_d20       fold6 seed0  RMSE  11.52  ( 1136s elapsed)
  [168/224] adaptive_d20       fold6 seed1  RMSE  10.56  ( 1139s elapsed)
  [169/224] adaptive_h32       fold2 seed1  RMSE 208.56  ( 1142s elapsed)
  [170/224] adaptive_d20       fold8 seed1  RMSE  27.30  ( 1144s elapsed)
  [171/224] adaptive_h32       fold3 seed2  RMSE  21.80  ( 1158s elapsed)
  [172/224] adaptive_h32       fold3 seed0  RMSE  21.61  ( 1159s elapsed)
  [173/224] adaptive_h32       fold3 seed1  RMSE  20.90  ( 1159s elapsed)
  [174/224] adaptive_h32       fold5 seed0  RMSE  57.01  ( 1180s elapsed)
  [175/224] adaptive_h32       fold5 seed2  RMSE  57.95  ( 1194s elapsed)
  [176/224] adaptive_h32       fold6 seed0  RMSE  11.54  ( 1195s elapsed)
  [177/224] adaptive_d20       fold7 seed2  RMSE  90.34  ( 1197s elapsed)
  [178/224] adaptive_h32       fold5 seed1  RMSE  56.25  ( 1199s elapsed)
  [179/224] adaptive_h32       fold4 seed1  RMSE  31.01  ( 1204s elapsed)
  [180/224] adaptive_d20       fold8 seed2  RMSE  27.14  ( 1206s elapsed)
  [181/224] adaptive_h32       fold4 seed2  RMSE  31.60  ( 1206s elapsed)
  [182/224] adaptive_h32       fold6 seed1  RMSE  11.39  ( 1217s elapsed)
  [183/224] adaptive_d20       fold8 seed0  RMSE  26.85  ( 1223s elapsed)
  [184/224] adaptive_h32       fold6 seed2  RMSE  10.98  ( 1225s elapsed)
  [185/224] adaptive_h32       fold7 seed0  RMSE  90.88  ( 1228s elapsed)
  [186/224] adaptive_h128      fold1 seed1  RMSE 102.66  ( 1242s elapsed)
  [187/224] adaptive_h32       fold2 seed2  RMSE 300.73  ( 1244s elapsed)
  [188/224] adaptive_h32       fold8 seed1  RMSE  27.29  ( 1247s elapsed)
  [189/224] adaptive_h32       fold7 seed1  RMSE  89.97  ( 1249s elapsed)
  [190/224] adaptive_h32       fold4 seed0  RMSE  35.74  ( 1249s elapsed)
  [191/224] adaptive_h32       fold7 seed2  RMSE  92.26  ( 1256s elapsed)
  [192/224] adaptive_h128      fold1 seed0  RMSE  94.91  ( 1268s elapsed)
  [193/224] adaptive_h128      fold1 seed2  RMSE 125.57  ( 1270s elapsed)
  [194/224] adaptive_h32       fold8 seed0  RMSE  27.45  ( 1282s elapsed)
  [195/224] adaptive_h128      fold3 seed0  RMSE  21.24  ( 1287s elapsed)
  [196/224] adaptive_h128      fold4 seed0  RMSE  31.29  ( 1291s elapsed)
  [197/224] adaptive_h32       fold8 seed2  RMSE  27.13  ( 1293s elapsed)
  [198/224] adaptive_h128      fold3 seed1  RMSE  22.85  ( 1297s elapsed)
  [199/224] adaptive_h128      fold4 seed2  RMSE  31.81  ( 1311s elapsed)
  [200/224] adaptive_h128      fold2 seed0  RMSE 191.19  ( 1327s elapsed)
  [201/224] adaptive_h128      fold5 seed2  RMSE  56.46  ( 1331s elapsed)
  [202/224] adaptive_h128      fold6 seed1  RMSE  10.55  ( 1333s elapsed)
  [203/224] adaptive_h128      fold3 seed2  RMSE  21.43  ( 1341s elapsed)
  [204/224] adaptive_h128      fold6 seed2  RMSE  10.53  ( 1349s elapsed)
  [205/224] adaptive_h128      fold7 seed0  RMSE  90.88  ( 1368s elapsed)
  [206/224] adaptive_h128      fold7 seed1  RMSE  86.98  ( 1372s elapsed)
  [207/224] persistence        fold1 seed0  RMSE  73.52  ( 1372s elapsed)
  [208/224] persistence        fold2 seed0  RMSE 129.59  ( 1372s elapsed)
  [209/224] persistence        fold3 seed0  RMSE  21.99  ( 1372s elapsed)
  [210/224] persistence        fold4 seed0  RMSE  31.01  ( 1372s elapsed)
  [211/224] persistence        fold5 seed0  RMSE  53.95  ( 1372s elapsed)
  [212/224] persistence        fold6 seed0  RMSE  10.67  ( 1372s elapsed)
  [213/224] persistence        fold7 seed0  RMSE  93.21  ( 1372s elapsed)
  [214/224] persistence        fold8 seed0  RMSE  26.99  ( 1372s elapsed)
  [215/224] adaptive_h128      fold7 seed2  RMSE  93.20  ( 1373s elapsed)
  [216/224] adaptive_h128      fold4 seed1  RMSE  31.30  ( 1377s elapsed)
  [217/224] adaptive_h128      fold2 seed2  RMSE 123.87  ( 1388s elapsed)
  [218/224] adaptive_h128      fold6 seed0  RMSE  10.79  ( 1394s elapsed)
  [219/224] adaptive_h128      fold5 seed0  RMSE  61.09  ( 1404s elapsed)
  [220/224] adaptive_h128      fold5 seed1  RMSE  59.88  ( 1413s elapsed)
  [221/224] adaptive_h128      fold8 seed0  RMSE  27.88  ( 1427s elapsed)
  [222/224] adaptive_h128      fold2 seed1  RMSE 250.42  ( 1438s elapsed)
  [223/224] adaptive_h128      fold8 seed1  RMSE  28.25  ( 1448s elapsed)
  [224/224] adaptive_h128      fold8 seed2  RMSE  27.87  ( 1464s elapsed)

wrote 896 rows to results\phase3_runs.csv in 1466s (6.5s per job)
