144 jobs (stage3) on 11 workers
  [  1/144] mech_smooth0.3     fold1 seed1  RMSE  89.16  (   28s elapsed)
  [  2/144] mech_smooth0.3     fold1 seed0  RMSE  89.42  (   29s elapsed)
  [  3/144] mech_smooth0.3     fold1 seed2  RMSE 116.48  (   32s elapsed)
  [  4/144] mech_smooth0.3     fold2 seed0  RMSE 118.98  (   33s elapsed)
  [  5/144] mech_smooth0.3     fold4 seed1  RMSE  30.90  (   49s elapsed)
  [  6/144] mech_smooth0.3     fold3 seed1  RMSE  22.02  (   51s elapsed)
  [  7/144] mech_smooth0.3     fold4 seed0  RMSE  31.96  (   64s elapsed)
  [  8/144] mech_smooth0.3     fold2 seed1  RMSE 140.05  (   65s elapsed)
  [  9/144] mech_smooth0.3     fold3 seed0  RMSE  22.93  (   68s elapsed)
  [ 10/144] mech_smooth0.3     fold5 seed0  RMSE  55.55  (   82s elapsed)
  [ 11/144] mech_smooth0.3     fold2 seed2  RMSE 127.08  (   84s elapsed)
  [ 12/144] mech_smooth0.3     fold5 seed1  RMSE  56.58  (   84s elapsed)
  [ 13/144] mech_smooth0.3     fold5 seed2  RMSE  58.14  (   91s elapsed)
  [ 14/144] mech_smooth0.3     fold6 seed1  RMSE  10.85  (   97s elapsed)
  [ 15/144] mech_smooth0.3     fold4 seed2  RMSE  33.00  (   98s elapsed)
  [ 16/144] mech_smooth0.3     fold6 seed0  RMSE  10.66  (  100s elapsed)
  [ 17/144] mech_smooth0.3     fold3 seed2  RMSE  22.02  (  103s elapsed)
  [ 18/144] mech_smooth0.3     fold6 seed2  RMSE  10.75  (  112s elapsed)
  [ 19/144] mech_smooth1.5     fold1 seed1  RMSE  82.70  (  118s elapsed)
  [ 20/144] mech_smooth0.3     fold7 seed1  RMSE  89.89  (  119s elapsed)
  [ 21/144] mech_smooth0.3     fold7 seed0  RMSE  88.53  (  120s elapsed)
  [ 22/144] mech_smooth1.5     fold1 seed2  RMSE 102.37  (  121s elapsed)
  [ 23/144] mech_smooth1.5     fold1 seed0  RMSE 102.29  (  121s elapsed)
  [ 24/144] mech_smooth1.5     fold2 seed0  RMSE 122.01  (  127s elapsed)
  [ 25/144] mech_smooth0.3     fold7 seed2  RMSE  85.72  (  146s elapsed)
  [ 26/144] mech_smooth1.5     fold3 seed2  RMSE  22.37  (  151s elapsed)
  [ 27/144] mech_smooth0.3     fold8 seed2  RMSE  27.54  (  163s elapsed)
  [ 28/144] mech_smooth1.5     fold2 seed1  RMSE 187.88  (  172s elapsed)
  [ 29/144] mech_smooth0.3     fold8 seed1  RMSE  27.50  (  172s elapsed)
  [ 30/144] mech_smooth1.5     fold3 seed0  RMSE  20.26  (  174s elapsed)
  [ 31/144] mech_smooth0.3     fold8 seed0  RMSE  27.14  (  175s elapsed)
  [ 32/144] mech_smooth1.5     fold4 seed1  RMSE  33.29  (  180s elapsed)
  [ 33/144] mech_smooth1.5     fold4 seed0  RMSE  32.21  (  184s elapsed)
  [ 34/144] mech_smooth1.5     fold2 seed2  RMSE 273.88  (  187s elapsed)
  [ 35/144] mech_smooth1.5     fold5 seed0  RMSE  59.70  (  209s elapsed)
  [ 36/144] mech_smooth1.5     fold5 seed1  RMSE  56.15  (  214s elapsed)
  [ 37/144] mech_smooth1.5     fold6 seed0  RMSE  10.57  (  222s elapsed)
  [ 38/144] mech_smooth1.5     fold6 seed2  RMSE  10.56  (  229s elapsed)
  [ 39/144] mech_smooth1.5     fold4 seed2  RMSE  34.16  (  234s elapsed)
  [ 40/144] mech_smooth1.5     fold6 seed1  RMSE  12.17  (  239s elapsed)
  [ 41/144] mech_smooth1.5     fold7 seed1  RMSE  91.00  (  241s elapsed)
  [ 42/144] mech_smooth1.5     fold5 seed2  RMSE  59.03  (  243s elapsed)
  [ 43/144] mech_smooth1.5     fold7 seed0  RMSE  88.64  (  244s elapsed)
  [ 44/144] mech_band1.5       fold1 seed0  RMSE  92.75  (  251s elapsed)
  [ 45/144] mech_smooth1.5     fold7 seed2  RMSE  86.16  (  253s elapsed)
  [ 46/144] mech_band1.5       fold1 seed1  RMSE  92.76  (  256s elapsed)
  [ 47/144] mech_smooth1.5     fold3 seed1  RMSE  23.91  (  260s elapsed)
  [ 48/144] mech_band1.5       fold1 seed2  RMSE 119.05  (  267s elapsed)
  [ 49/144] mech_band1.5       fold2 seed0  RMSE 121.39  (  269s elapsed)
  [ 50/144] mech_band1.5       fold3 seed0  RMSE  22.16  (  285s elapsed)
  [ 51/144] mech_band1.5       fold3 seed1  RMSE  23.41  (  288s elapsed)
  [ 52/144] mech_smooth1.5     fold8 seed2  RMSE  27.52  (  297s elapsed)
  [ 53/144] mech_band1.5       fold2 seed2  RMSE 159.88  (  301s elapsed)
  [ 54/144] mech_band1.5       fold3 seed2  RMSE  20.85  (  303s elapsed)
  [ 55/144] mech_band1.5       fold4 seed1  RMSE  30.72  (  307s elapsed)
  [ 56/144] mech_band1.5       fold4 seed0  RMSE  30.67  (  314s elapsed)
  [ 57/144] mech_smooth1.5     fold8 seed0  RMSE  28.19  (  322s elapsed)
  [ 58/144] mech_band1.5       fold5 seed0  RMSE  55.85  (  347s elapsed)
  [ 59/144] mech_band1.5       fold4 seed2  RMSE  33.81  (  350s elapsed)
  [ 60/144] mech_band1.5       fold5 seed1  RMSE  57.80  (  350s elapsed)
  [ 61/144] mech_band1.5       fold2 seed1  RMSE 357.62  (  352s elapsed)
  [ 62/144] mech_band1.5       fold6 seed1  RMSE  10.90  (  352s elapsed)
  [ 63/144] mech_band1.5       fold6 seed2  RMSE  10.63  (  359s elapsed)
  [ 64/144] mech_band1.5       fold6 seed0  RMSE  10.73  (  360s elapsed)
  [ 65/144] mech_band1.5       fold5 seed2  RMSE  58.61  (  368s elapsed)
  [ 66/144] mech_band1.5       fold7 seed0  RMSE  88.28  (  375s elapsed)
  [ 67/144] mech_band1.5       fold7 seed1  RMSE  90.54  (  379s elapsed)
  [ 68/144] mech_both1.5       fold1 seed1  RMSE  82.77  (  383s elapsed)
  [ 69/144] mech_both1.5       fold1 seed0  RMSE 102.29  (  383s elapsed)
  [ 70/144] mech_both1.5       fold1 seed2  RMSE 102.37  (  386s elapsed)
  [ 71/144] mech_both1.5       fold2 seed0  RMSE 122.01  (  399s elapsed)
  [ 72/144] mech_smooth1.5     fold8 seed1  RMSE  28.37  (  407s elapsed)
  [ 73/144] mech_band1.5       fold7 seed2  RMSE  85.29  (  421s elapsed)
  [ 74/144] mech_both1.5       fold3 seed2  RMSE  22.37  (  424s elapsed)
  [ 75/144] mech_both1.5       fold3 seed1  RMSE  20.34  (  435s elapsed)
  [ 76/144] mech_band1.5       fold8 seed2  RMSE  27.56  (  440s elapsed)
  [ 77/144] mech_both1.5       fold2 seed1  RMSE 167.83  (  449s elapsed)
  [ 78/144] mech_both1.5       fold3 seed0  RMSE  21.87  (  456s elapsed)
  [ 79/144] mech_both1.5       fold4 seed1  RMSE  33.29  (  470s elapsed)
  [ 80/144] mech_both1.5       fold5 seed0  RMSE  59.70  (  487s elapsed)
  [ 81/144] mech_both1.5       fold5 seed1  RMSE  55.63  (  496s elapsed)
  [ 82/144] mech_both1.5       fold6 seed0  RMSE  10.57  (  503s elapsed)
  [ 83/144] mech_band1.5       fold8 seed0  RMSE  28.34  (  504s elapsed)
  [ 84/144] mech_both1.5       fold5 seed2  RMSE  59.03  (  510s elapsed)
  [ 85/144] mech_both1.5       fold4 seed2  RMSE  34.98  (  519s elapsed)
  [ 86/144] mech_both1.5       fold6 seed2  RMSE  10.56  (  522s elapsed)
  [ 87/144] mech_both1.5       fold6 seed1  RMSE  12.17  (  530s elapsed)
  [ 88/144] mech_both1.5       fold4 seed0  RMSE  35.64  (  532s elapsed)
  [ 89/144] mech_both1.5       fold2 seed2  RMSE 190.52  (  533s elapsed)
  [ 90/144] mech_smooth1.5_curr fold1 seed0  RMSE  92.82  (  544s elapsed)
  [ 91/144] mech_both1.5       fold7 seed0  RMSE  88.64  (  549s elapsed)
  [ 92/144] mech_smooth1.5_curr fold1 seed1  RMSE  91.91  (  551s elapsed)
  [ 93/144] mech_both1.5       fold7 seed1  RMSE  90.89  (  557s elapsed)
  [ 94/144] mech_smooth1.5_curr fold1 seed2  RMSE 116.06  (  558s elapsed)
  [ 95/144] mech_smooth1.5_curr fold2 seed0  RMSE 121.39  (  560s elapsed)
  [ 96/144] mech_band1.5       fold8 seed1  RMSE  30.81  (  578s elapsed)
  [ 97/144] mech_both1.5       fold7 seed2  RMSE  86.16  (  580s elapsed)
  [ 98/144] mech_smooth1.5_curr fold3 seed0  RMSE  22.20  (  585s elapsed)
  [ 99/144] mech_both1.5       fold8 seed2  RMSE  27.52  (  600s elapsed)
  [100/144] mech_smooth1.5_curr fold3 seed2  RMSE  20.95  (  604s elapsed)
  [101/144] mech_smooth1.5_curr fold3 seed1  RMSE  21.53  (  605s elapsed)
  [102/144] mech_smooth1.5_curr fold2 seed1  RMSE 148.30  (  607s elapsed)
  [103/144] mech_smooth1.5_curr fold4 seed0  RMSE  30.68  (  608s elapsed)
  [104/144] mech_both1.5       fold8 seed0  RMSE  28.19  (  621s elapsed)
  [105/144] mech_smooth1.5_curr fold2 seed2  RMSE 319.81  (  621s elapsed)
  [106/144] mech_smooth1.5_curr fold4 seed1  RMSE  30.59  (  623s elapsed)
  [107/144] mech_smooth1.5_curr fold5 seed0  RMSE  55.35  (  646s elapsed)
  [108/144] mech_smooth1.5_curr fold6 seed1  RMSE  10.89  (  653s elapsed)
  [109/144] mech_smooth1.5_curr fold6 seed0  RMSE  11.04  (  659s elapsed)
  [110/144] mech_smooth1.5_curr fold4 seed2  RMSE  33.19  (  664s elapsed)
  [111/144] mech_smooth1.5_curr fold5 seed1  RMSE  57.24  (  671s elapsed)
  [112/144] mech_smooth1.5_curr fold5 seed2  RMSE  58.66  (  674s elapsed)
  [113/144] mech_smooth1.5_curr fold7 seed0  RMSE  88.30  (  675s elapsed)
  [114/144] mech_smooth1.5_curr fold6 seed2  RMSE  12.25  (  687s elapsed)
  [115/144] mech_smooth1.5_curr fold7 seed1  RMSE  90.93  (  687s elapsed)
  [116/144] spatial0.1_curr    fold1 seed0  RMSE  97.45  (  690s elapsed)
  [117/144] spatial0.1_curr    fold1 seed1  RMSE  91.91  (  695s elapsed)
  [118/144] mech_smooth1.5_curr fold7 seed2  RMSE  85.46  (  696s elapsed)
  [119/144] spatial0.1_curr    fold1 seed2  RMSE 121.80  (  704s elapsed)
  [120/144] spatial0.1_curr    fold2 seed0  RMSE 121.39  (  705s elapsed)
  [121/144] spatial0.1_curr    fold2 seed1  RMSE 146.38  (  716s elapsed)
  [122/144] spatial0.1_curr    fold2 seed2  RMSE 140.73  (  720s elapsed)
  [123/144] mech_smooth1.5_curr fold8 seed2  RMSE  27.53  (  737s elapsed)
  [124/144] mech_smooth1.5_curr fold8 seed1  RMSE  27.55  (  750s elapsed)
  [125/144] spatial0.1_curr    fold4 seed1  RMSE  30.56  (  756s elapsed)
  [126/144] spatial0.1_curr    fold4 seed0  RMSE  30.36  (  759s elapsed)
  [127/144] spatial0.1_curr    fold4 seed2  RMSE  31.26  (  767s elapsed)
  [128/144] spatial0.1_curr    fold3 seed2  RMSE  22.07  (  772s elapsed)
  [129/144] spatial0.1_curr    fold3 seed0  RMSE  23.98  (  781s elapsed)
  [130/144] spatial0.1_curr    fold5 seed0  RMSE  57.35  (  786s elapsed)
  [131/144] mech_smooth1.5_curr fold8 seed0  RMSE  28.29  (  800s elapsed)
  [132/144] spatial0.1_curr    fold5 seed1  RMSE  57.14  (  804s elapsed)
  [133/144] spatial0.1_curr    fold6 seed1  RMSE  10.89  (  815s elapsed)
  [134/144] spatial0.1_curr    fold6 seed0  RMSE  12.33  (  818s elapsed)
  [135/144] spatial0.1_curr    fold6 seed2  RMSE  10.63  (  823s elapsed)
  [136/144] spatial0.1_curr    fold7 seed0  RMSE  88.17  (  836s elapsed)
  [137/144] spatial0.1_curr    fold5 seed2  RMSE  64.67  (  838s elapsed)
  [138/144] spatial0.1_curr    fold7 seed1  RMSE  90.69  (  841s elapsed)
  [139/144] spatial0.1_curr    fold7 seed2  RMSE  85.21  (  853s elapsed)
  [140/144] spatial0.1_curr    fold3 seed1  RMSE  25.96  (  853s elapsed)
  [141/144] mech_both1.5       fold8 seed1  RMSE  31.25  (  862s elapsed)
  [142/144] spatial0.1_curr    fold8 seed1  RMSE  27.91  (  899s elapsed)
  [143/144] spatial0.1_curr    fold8 seed0  RMSE  26.82  (  942s elapsed)
  [144/144] spatial0.1_curr    fold8 seed2  RMSE  27.04  (  951s elapsed)

wrote 576 rows to results\phase3_stage3.csv in 952s (6.6s per job)
