408 jobs (search) on 11 workers
  [  1/408] A_dense_fixed      fold1 seed7  RMSE 125.78  (   22s elapsed)
  [  2/408] A_dense_fixed      fold1 seed5  RMSE 103.55  (   23s elapsed)
  [  3/408] A_dense_fixed      fold1 seed6  RMSE  96.98  (   23s elapsed)
  [  4/408] A_dense_fixed      fold1 seed2  RMSE 100.23  (   23s elapsed)
  [  5/408] A_dense_fixed      fold1 seed0  RMSE 129.31  (   23s elapsed)
  [  6/408] A_dense_fixed      fold1 seed3  RMSE  98.90  (   23s elapsed)
  [  7/408] A_dense_fixed      fold1 seed4  RMSE 104.81  (   24s elapsed)
  [  8/408] A_dense_fixed      fold1 seed1  RMSE 109.91  (   25s elapsed)
  [  9/408] A_dense_fixed      fold3 seed1  RMSE  21.55  (   42s elapsed)
  [ 10/408] A_dense_fixed      fold2 seed2  RMSE 159.35  (   45s elapsed)
  [ 11/408] A_dense_fixed      fold2 seed1  RMSE 172.09  (   48s elapsed)
  [ 12/408] A_dense_fixed      fold3 seed0  RMSE  21.68  (   49s elapsed)
  [ 13/408] A_dense_fixed      fold2 seed0  RMSE 156.57  (   50s elapsed)
  [ 14/408] A_dense_fixed      fold2 seed3  RMSE 141.65  (   51s elapsed)
  [ 15/408] A_dense_fixed      fold3 seed2  RMSE  21.36  (   54s elapsed)
  [ 16/408] A_dense_fixed      fold2 seed4  RMSE 150.53  (   55s elapsed)
  [ 17/408] A_dense_fixed      fold2 seed5  RMSE 214.14  (   56s elapsed)
  [ 18/408] A_dense_fixed      fold2 seed6  RMSE 176.44  (   56s elapsed)
  [ 19/408] A_dense_fixed      fold3 seed3  RMSE  21.39  (   59s elapsed)
  [ 20/408] A_dense_fixed      fold2 seed7  RMSE 169.32  (   66s elapsed)
  [ 21/408] A_dense_fixed      fold3 seed6  RMSE  22.52  (   69s elapsed)
  [ 22/408] A_dense_fixed      fold3 seed7  RMSE  21.56  (   69s elapsed)
  [ 23/408] A_dense_fixed      fold3 seed4  RMSE  22.74  (   71s elapsed)
  [ 24/408] A_dense_fixed      fold3 seed5  RMSE  22.73  (   76s elapsed)
  [ 25/408] A_dense_fixed      fold4 seed3  RMSE  31.07  (   78s elapsed)
  [ 26/408] A_dense_fixed      fold4 seed0  RMSE  31.02  (   83s elapsed)
  [ 27/408] A_dense_fixed      fold4 seed5  RMSE  32.72  (   89s elapsed)
  [ 28/408] A_dense_fixed      fold4 seed2  RMSE  30.99  (   93s elapsed)
  [ 29/408] A_dense_fixed      fold4 seed1  RMSE  32.36  (   95s elapsed)
  [ 30/408] A_dense_fixed      fold4 seed4  RMSE  30.97  (   98s elapsed)
  [ 31/408] A_dense_fixed      fold4 seed7  RMSE  30.66  (  100s elapsed)
  [ 32/408] A_dense_fixed      fold5 seed1  RMSE  61.88  (  105s elapsed)
  [ 33/408] A_dense_fixed      fold5 seed0  RMSE  58.80  (  111s elapsed)
  [ 34/408] A_dense_fixed      fold5 seed2  RMSE  59.45  (  115s elapsed)
  [ 35/408] A_dense_fixed      fold5 seed3  RMSE  64.65  (  117s elapsed)
  [ 36/408] A_dense_fixed      fold4 seed6  RMSE  32.18  (  120s elapsed)
  [ 37/408] A_dense_fixed      fold5 seed5  RMSE  57.03  (  121s elapsed)
  [ 38/408] A_dense_fixed      fold5 seed4  RMSE  57.89  (  129s elapsed)
  [ 39/408] A_dense_fixed      fold6 seed2  RMSE  11.31  (  134s elapsed)
  [ 40/408] A_dense_fixed      fold6 seed0  RMSE  12.14  (  137s elapsed)
  [ 41/408] A_dense_fixed      fold5 seed7  RMSE  59.38  (  138s elapsed)
  [ 42/408] A_dense_fixed      fold6 seed1  RMSE  10.69  (  139s elapsed)
  [ 43/408] A_dense_fixed      fold5 seed6  RMSE  59.20  (  141s elapsed)
  [ 44/408] A_dense_fixed      fold6 seed3  RMSE  10.61  (  143s elapsed)
  [ 45/408] A_dense_fixed      fold6 seed4  RMSE  10.76  (  147s elapsed)
  [ 46/408] A_dense_fixed      fold6 seed7  RMSE  10.75  (  155s elapsed)
  [ 47/408] A_dense_fixed      fold6 seed6  RMSE  10.85  (  158s elapsed)
  [ 48/408] A_dense_fixed      fold6 seed5  RMSE  10.64  (  162s elapsed)
  [ 49/408] A_dense_fixed      fold7 seed1  RMSE  88.76  (  167s elapsed)
  [ 50/408] A_dense_fixed      fold7 seed0  RMSE  88.75  (  169s elapsed)
  [ 51/408] A_dense_fixed      fold7 seed6  RMSE  89.11  (  174s elapsed)
  [ 52/408] A_dense_fixed      fold7 seed3  RMSE  90.51  (  177s elapsed)
  [ 53/408] A_dense_fixed      fold7 seed7  RMSE  87.68  (  179s elapsed)
  [ 54/408] A_dense_fixed      fold7 seed4  RMSE  88.08  (  183s elapsed)
  [ 55/408] A_dense_fixed      fold7 seed2  RMSE  90.27  (  191s elapsed)
  [ 56/408] A_dense_fixed      fold7 seed5  RMSE  89.28  (  199s elapsed)
  [ 57/408] A_adaptive         fold1 seed0  RMSE  92.75  (  205s elapsed)
  [ 58/408] A_adaptive         fold1 seed1  RMSE  91.91  (  213s elapsed)
  [ 59/408] A_dense_fixed      fold8 seed5  RMSE  27.02  (  225s elapsed)
  [ 60/408] A_adaptive         fold1 seed3  RMSE  98.44  (  226s elapsed)
  [ 61/408] A_adaptive         fold1 seed2  RMSE 119.05  (  227s elapsed)
  [ 62/408] A_adaptive         fold1 seed4  RMSE 116.00  (  237s elapsed)
  [ 63/408] A_adaptive         fold1 seed5  RMSE 110.87  (  243s elapsed)
  [ 64/408] A_adaptive         fold1 seed7  RMSE  91.37  (  246s elapsed)
  [ 65/408] A_adaptive         fold1 seed6  RMSE 122.65  (  249s elapsed)
  [ 66/408] A_adaptive         fold2 seed0  RMSE 121.39  (  265s elapsed)
  [ 67/408] A_adaptive         fold2 seed3  RMSE 185.62  (  288s elapsed)
  [ 68/408] A_adaptive         fold2 seed4  RMSE 138.91  (  294s elapsed)
  [ 69/408] A_adaptive         fold2 seed1  RMSE 153.41  (  298s elapsed)
  [ 70/408] A_dense_fixed      fold8 seed2  RMSE  27.84  (  300s elapsed)
  [ 71/408] A_adaptive         fold2 seed5  RMSE 126.79  (  306s elapsed)
  [ 72/408] A_adaptive         fold2 seed2  RMSE 147.40  (  311s elapsed)
  [ 73/408] A_adaptive         fold3 seed1  RMSE  21.56  (  338s elapsed)
  [ 74/408] A_dense_fixed      fold8 seed7  RMSE  26.93  (  343s elapsed)
  [ 75/408] A_adaptive         fold3 seed0  RMSE  23.92  (  345s elapsed)
  [ 76/408] A_adaptive         fold2 seed7  RMSE 156.08  (  345s elapsed)
  [ 77/408] A_adaptive         fold3 seed2  RMSE  20.89  (  355s elapsed)
  [ 78/408] A_dense_fixed      fold8 seed3  RMSE  26.42  (  362s elapsed)
  [ 79/408] A_adaptive         fold2 seed6  RMSE 158.02  (  362s elapsed)
  [ 80/408] A_adaptive         fold3 seed3  RMSE  22.12  (  372s elapsed)
  [ 81/408] A_dense_fixed      fold8 seed0  RMSE  27.69  (  377s elapsed)
  [ 82/408] A_adaptive         fold3 seed6  RMSE  21.62  (  381s elapsed)
  [ 83/408] A_adaptive         fold3 seed4  RMSE  22.42  (  384s elapsed)
  [ 84/408] A_adaptive         fold3 seed7  RMSE  21.17  (  398s elapsed)
  [ 85/408] A_adaptive         fold4 seed0  RMSE  30.69  (  400s elapsed)
  [ 86/408] A_dense_fixed      fold8 seed6  RMSE  27.94  (  403s elapsed)
  [ 87/408] A_adaptive         fold4 seed1  RMSE  30.72  (  415s elapsed)
  [ 88/408] A_adaptive         fold4 seed4  RMSE  31.06  (  417s elapsed)
  [ 89/408] A_adaptive         fold4 seed3  RMSE  30.80  (  424s elapsed)
  [ 90/408] A_dense_fixed      fold8 seed1  RMSE  28.20  (  433s elapsed)
  [ 91/408] A_dense_fixed      fold8 seed4  RMSE  25.80  (  435s elapsed)
  [ 92/408] A_adaptive         fold4 seed6  RMSE  30.43  (  441s elapsed)
  [ 93/408] A_adaptive         fold3 seed5  RMSE  22.74  (  443s elapsed)
  [ 94/408] A_adaptive         fold4 seed5  RMSE  31.61  (  446s elapsed)
  [ 95/408] A_adaptive         fold4 seed2  RMSE  34.10  (  451s elapsed)
  [ 96/408] A_adaptive         fold5 seed1  RMSE  57.03  (  458s elapsed)
  [ 97/408] A_adaptive         fold5 seed3  RMSE  56.05  (  465s elapsed)
  [ 98/408] A_adaptive         fold4 seed7  RMSE  31.83  (  470s elapsed)
  [ 99/408] A_adaptive         fold5 seed0  RMSE  55.89  (  471s elapsed)
  [100/408] A_adaptive         fold5 seed2  RMSE  59.05  (  487s elapsed)
  [101/408] A_adaptive         fold5 seed4  RMSE  57.38  (  495s elapsed)
  [102/408] A_adaptive         fold6 seed0  RMSE  10.73  (  497s elapsed)
  [103/408] A_adaptive         fold6 seed2  RMSE  10.63  (  503s elapsed)
  [104/408] A_adaptive         fold5 seed5  RMSE  59.62  (  505s elapsed)
  [105/408] A_adaptive         fold5 seed6  RMSE  58.43  (  505s elapsed)
  [106/408] A_adaptive         fold5 seed7  RMSE  59.47  (  513s elapsed)
  [107/408] A_adaptive         fold6 seed1  RMSE  11.94  (  513s elapsed)
  [108/408] A_adaptive         fold6 seed4  RMSE  10.80  (  516s elapsed)
  [109/408] A_adaptive         fold6 seed5  RMSE  10.51  (  522s elapsed)
  [110/408] A_adaptive         fold6 seed3  RMSE  10.67  (  526s elapsed)
  [111/408] A_adaptive         fold6 seed6  RMSE  10.79  (  537s elapsed)
  [112/408] A_adaptive         fold6 seed7  RMSE  11.14  (  552s elapsed)
  [113/408] A_adaptive         fold7 seed0  RMSE  88.27  (  552s elapsed)
  [114/408] A_adaptive         fold7 seed1  RMSE  90.56  (  562s elapsed)
  [115/408] A_adaptive         fold7 seed4  RMSE  88.53  (  564s elapsed)
  [116/408] A_adaptive         fold7 seed5  RMSE  92.13  (  565s elapsed)
  [117/408] A_adaptive         fold7 seed7  RMSE  89.25  (  569s elapsed)
  [118/408] A_adaptive         fold7 seed3  RMSE  89.74  (  574s elapsed)
  [119/408] A_adaptive         fold7 seed6  RMSE  93.14  (  578s elapsed)
  [120/408] A_adaptive         fold7 seed2  RMSE  85.52  (  588s elapsed)
  [121/408] A_mech0.3          fold1 seed0  RMSE  89.42  (  604s elapsed)
  [122/408] A_mech0.3          fold1 seed1  RMSE  89.16  (  609s elapsed)
  [123/408] A_adaptive         fold8 seed2  RMSE  27.57  (  617s elapsed)
  [124/408] A_mech0.3          fold1 seed2  RMSE 116.48  (  618s elapsed)
  [125/408] A_adaptive         fold8 seed0  RMSE  28.93  (  629s elapsed)
  [126/408] A_mech0.3          fold1 seed3  RMSE 120.85  (  632s elapsed)
  [127/408] A_mech0.3          fold1 seed4  RMSE 107.43  (  633s elapsed)
  [128/408] A_mech0.3          fold1 seed6  RMSE 117.22  (  645s elapsed)
  [129/408] A_mech0.3          fold1 seed7  RMSE  86.39  (  651s elapsed)
  [130/408] A_mech0.3          fold2 seed0  RMSE 118.98  (  658s elapsed)
  [131/408] A_mech0.3          fold1 seed5  RMSE 110.51  (  658s elapsed)
  [132/408] A_adaptive         fold8 seed1  RMSE  28.01  (  676s elapsed)
  [133/408] A_mech0.3          fold2 seed4  RMSE 125.15  (  691s elapsed)
  [134/408] A_mech0.3          fold2 seed1  RMSE 140.05  (  692s elapsed)
  [135/408] A_adaptive         fold8 seed3  RMSE  28.76  (  692s elapsed)
  [136/408] A_adaptive         fold8 seed5  RMSE  29.35  (  698s elapsed)
  [137/408] A_mech0.3          fold2 seed5  RMSE 129.69  (  698s elapsed)
  [138/408] A_adaptive         fold8 seed4  RMSE  30.01  (  712s elapsed)
  [139/408] A_adaptive         fold8 seed6  RMSE  29.33  (  724s elapsed)
  [140/408] A_mech0.3          fold2 seed2  RMSE 127.08  (  725s elapsed)
  [141/408] A_mech0.3          fold2 seed7  RMSE 134.42  (  730s elapsed)
  [142/408] A_mech0.3          fold2 seed3  RMSE 169.40  (  733s elapsed)
  [143/408] A_mech0.3          fold3 seed3  RMSE  20.08  (  756s elapsed)
  [144/408] A_mech0.3          fold3 seed4  RMSE  21.94  (  762s elapsed)
  [145/408] A_mech0.3          fold3 seed1  RMSE  22.02  (  768s elapsed)
  [146/408] A_mech0.3          fold3 seed6  RMSE  20.87  (  773s elapsed)
  [147/408] A_mech0.3          fold3 seed5  RMSE  21.73  (  780s elapsed)
  [148/408] A_mech0.3          fold3 seed2  RMSE  22.02  (  794s elapsed)
  [149/408] A_mech0.3          fold3 seed0  RMSE  22.93  (  796s elapsed)
  [150/408] A_mech0.3          fold3 seed7  RMSE  22.14  (  807s elapsed)
  [151/408] A_mech0.3          fold4 seed1  RMSE  30.90  (  808s elapsed)
  [152/408] A_mech0.3          fold2 seed6  RMSE 161.09  (  817s elapsed)
  [153/408] A_mech0.3          fold4 seed0  RMSE  31.96  (  819s elapsed)
  [154/408] A_adaptive         fold8 seed7  RMSE  28.15  (  819s elapsed)
  [155/408] A_mech0.3          fold4 seed4  RMSE  30.95  (  835s elapsed)
  [156/408] A_mech0.3          fold4 seed3  RMSE  30.66  (  837s elapsed)
  [157/408] A_mech0.3          fold4 seed5  RMSE  31.21  (  843s elapsed)
  [158/408] A_mech0.3          fold4 seed6  RMSE  30.65  (  855s elapsed)
  [159/408] A_mech0.3          fold4 seed2  RMSE  33.00  (  862s elapsed)
  [160/408] A_mech0.3          fold4 seed7  RMSE  31.44  (  869s elapsed)
  [161/408] A_mech0.3          fold5 seed1  RMSE  56.58  (  879s elapsed)
  [162/408] A_mech0.3          fold5 seed0  RMSE  55.55  (  883s elapsed)
  [163/408] A_mech0.3          fold5 seed3  RMSE  54.72  (  887s elapsed)
  [164/408] A_mech0.3          fold5 seed4  RMSE  56.81  (  889s elapsed)
  [165/408] A_mech0.3          fold5 seed2  RMSE  58.14  (  897s elapsed)
  [166/408] A_mech0.3          fold5 seed6  RMSE  58.50  (  908s elapsed)
  [167/408] A_mech0.3          fold5 seed5  RMSE  58.02  (  917s elapsed)
  [168/408] A_mech0.3          fold6 seed1  RMSE  10.85  (  923s elapsed)
  [169/408] A_mech0.3          fold6 seed0  RMSE  10.66  (  924s elapsed)
  [170/408] A_mech0.3          fold5 seed7  RMSE  58.94  (  928s elapsed)
  [171/408] A_mech0.3          fold6 seed2  RMSE  10.75  (  934s elapsed)
  [172/408] A_mech0.3          fold6 seed4  RMSE  10.76  (  944s elapsed)
  [173/408] A_mech0.3          fold6 seed5  RMSE  10.43  (  950s elapsed)
  [174/408] A_mech0.3          fold6 seed6  RMSE  10.85  (  956s elapsed)
  [175/408] A_mech0.3          fold6 seed3  RMSE  10.65  (  958s elapsed)
  [176/408] A_mech0.3          fold6 seed7  RMSE  11.06  (  971s elapsed)
  [177/408] A_mech0.3          fold7 seed0  RMSE  88.53  (  984s elapsed)
  [178/408] A_mech0.3          fold7 seed1  RMSE  89.89  (  990s elapsed)
  [179/408] A_mech0.3          fold7 seed4  RMSE  89.37  (  993s elapsed)
  [180/408] A_mech0.3          fold7 seed5  RMSE  91.50  (  999s elapsed)
  [181/408] A_mech0.3          fold7 seed3  RMSE  89.66  ( 1000s elapsed)
  [182/408] A_mech0.3          fold7 seed7  RMSE  89.37  ( 1010s elapsed)
  [183/408] A_mech0.3          fold7 seed2  RMSE  85.72  ( 1016s elapsed)
  [184/408] A_mech0.3          fold7 seed6  RMSE  93.13  ( 1017s elapsed)
  [185/408] A_mech0.3_curr     fold1 seed0  RMSE  96.55  ( 1037s elapsed)
  [186/408] A_mech0.3_curr     fold1 seed1  RMSE  91.91  ( 1041s elapsed)
  [187/408] A_mech0.3_curr     fold1 seed2  RMSE 119.04  ( 1047s elapsed)
  [188/408] A_mech0.3          fold8 seed2  RMSE  27.54  ( 1068s elapsed)
  [189/408] A_mech0.3_curr     fold1 seed3  RMSE 124.18  ( 1069s elapsed)
  [190/408] A_mech0.3          fold8 seed5  RMSE  26.57  ( 1071s elapsed)
  [191/408] A_mech0.3_curr     fold1 seed4  RMSE 115.11  ( 1073s elapsed)
  [192/408] A_mech0.3          fold8 seed0  RMSE  27.14  ( 1076s elapsed)
  [193/408] A_mech0.3_curr     fold1 seed5  RMSE 109.87  ( 1079s elapsed)
  [194/408] A_mech0.3          fold8 seed1  RMSE  27.50  ( 1080s elapsed)
  [195/408] A_mech0.3_curr     fold1 seed6  RMSE 122.70  ( 1094s elapsed)
  [196/408] A_mech0.3_curr     fold1 seed7  RMSE  91.37  ( 1096s elapsed)
  [197/408] A_mech0.3_curr     fold2 seed0  RMSE 121.39  ( 1106s elapsed)
  [198/408] A_mech0.3          fold8 seed3  RMSE  28.85  ( 1112s elapsed)
  [199/408] A_mech0.3          fold8 seed7  RMSE  27.02  ( 1119s elapsed)
  [200/408] A_mech0.3_curr     fold2 seed5  RMSE 126.79  ( 1121s elapsed)
  [201/408] A_mech0.3          fold8 seed4  RMSE  30.03  ( 1122s elapsed)
  [202/408] A_mech0.3_curr     fold2 seed7  RMSE 149.57  ( 1143s elapsed)
  [203/408] A_mech0.3_curr     fold2 seed1  RMSE 147.51  ( 1149s elapsed)
  [204/408] A_mech0.3_curr     fold3 seed0  RMSE  22.29  ( 1150s elapsed)
  [205/408] A_mech0.3_curr     fold2 seed3  RMSE 178.69  ( 1156s elapsed)
  [206/408] A_mech0.3_curr     fold3 seed2  RMSE  20.74  ( 1164s elapsed)
  [207/408] A_mech0.3_curr     fold2 seed6  RMSE 139.35  ( 1176s elapsed)
  [208/408] A_mech0.3_curr     fold3 seed1  RMSE  21.58  ( 1185s elapsed)
  [209/408] A_mech0.3_curr     fold3 seed4  RMSE  22.55  ( 1188s elapsed)
  [210/408] A_mech0.3_curr     fold3 seed6  RMSE  21.64  ( 1191s elapsed)
  [211/408] A_mech0.3_curr     fold2 seed4  RMSE 202.23  ( 1193s elapsed)
  [212/408] A_mech0.3_curr     fold2 seed2  RMSE 257.56  ( 1209s elapsed)
  [213/408] A_mech0.3_curr     fold4 seed0  RMSE  30.75  ( 1209s elapsed)
  [214/408] A_mech0.3_curr     fold3 seed3  RMSE  22.91  ( 1214s elapsed)
  [215/408] A_mech0.3_curr     fold4 seed1  RMSE  30.60  ( 1218s elapsed)
  [216/408] A_mech0.3_curr     fold3 seed7  RMSE  22.77  ( 1229s elapsed)
  [217/408] A_mech0.3_curr     fold4 seed4  RMSE  30.94  ( 1237s elapsed)
  [218/408] A_mech0.3_curr     fold4 seed3  RMSE  30.56  ( 1238s elapsed)
  [219/408] A_mech0.3_curr     fold4 seed6  RMSE  30.66  ( 1269s elapsed)
  [220/408] A_mech0.3_curr     fold4 seed5  RMSE  31.70  ( 1271s elapsed)
  [221/408] A_mech0.3_curr     fold5 seed1  RMSE  56.95  ( 1280s elapsed)
  [222/408] A_mech0.3_curr     fold4 seed7  RMSE  31.81  ( 1287s elapsed)
  [223/408] A_mech0.3_curr     fold3 seed5  RMSE  22.47  ( 1291s elapsed)
  [224/408] A_mech0.3_curr     fold5 seed0  RMSE  55.65  ( 1293s elapsed)
  [225/408] A_mech0.3_curr     fold5 seed4  RMSE  57.57  ( 1302s elapsed)
  [226/408] A_mech0.3_curr     fold5 seed2  RMSE  59.02  ( 1306s elapsed)
  [227/408] A_mech0.3          fold8 seed6  RMSE  29.29  ( 1307s elapsed)
  [228/408] A_mech0.3_curr     fold4 seed2  RMSE  33.89  ( 1314s elapsed)
  [229/408] A_mech0.3_curr     fold5 seed3  RMSE  56.71  ( 1319s elapsed)
  [230/408] A_mech0.3_curr     fold6 seed0  RMSE  12.31  ( 1346s elapsed)
  [231/408] A_mech0.3_curr     fold5 seed5  RMSE  59.47  ( 1350s elapsed)
  [232/408] A_mech0.3_curr     fold5 seed6  RMSE  57.90  ( 1368s elapsed)
  [233/408] A_mech0.3_curr     fold6 seed5  RMSE  10.51  ( 1374s elapsed)
  [234/408] A_mech0.3_curr     fold5 seed7  RMSE  59.20  ( 1396s elapsed)
  [235/408] A_mech0.3_curr     fold6 seed4  RMSE  10.80  ( 1405s elapsed)
  [236/408] A_mech0.3_curr     fold6 seed1  RMSE  10.90  ( 1405s elapsed)
  [237/408] A_mech0.3_curr     fold6 seed2  RMSE  12.18  ( 1413s elapsed)
  [238/408] A_mech0.3_curr     fold6 seed3  RMSE  10.68  ( 1420s elapsed)
  [239/408] A_mech0.3_curr     fold6 seed7  RMSE  10.56  ( 1432s elapsed)
  [240/408] A_mech0.3_curr     fold6 seed6  RMSE  10.81  ( 1434s elapsed)
  [241/408] A_mech0.3_curr     fold7 seed1  RMSE  90.69  ( 1436s elapsed)
  [242/408] A_mech0.3_curr     fold7 seed0  RMSE  88.26  ( 1446s elapsed)
  [243/408] A_mech0.3_curr     fold7 seed4  RMSE  88.53  ( 1467s elapsed)
  [244/408] A_mech0.3_curr     fold7 seed2  RMSE  85.31  ( 1472s elapsed)
  [245/408] A_mech0.3_curr     fold7 seed3  RMSE  89.56  ( 1475s elapsed)
  [246/408] A_mech0.3_curr     fold7 seed7  RMSE  89.25  ( 1476s elapsed)
  [247/408] A_mech0.3_curr     fold7 seed6  RMSE  93.14  ( 1489s elapsed)
  [248/408] A_mech0.3_curr     fold7 seed5  RMSE  92.07  ( 1492s elapsed)
  [249/408] B_mech0.05         fold1 seed0  RMSE  92.23  ( 1499s elapsed)
  [250/408] A_mech0.3_curr     fold8 seed2  RMSE  27.61  ( 1513s elapsed)
  [251/408] B_mech0.05         fold1 seed1  RMSE  91.95  ( 1519s elapsed)
  [252/408] B_mech0.05         fold2 seed0  RMSE 119.20  ( 1526s elapsed)
  [253/408] B_mech0.05         fold1 seed2  RMSE 118.32  ( 1529s elapsed)
  [254/408] A_mech0.3_curr     fold8 seed1  RMSE  27.76  ( 1529s elapsed)
  [255/408] A_mech0.3_curr     fold8 seed0  RMSE  28.73  ( 1571s elapsed)
  [256/408] B_mech0.05         fold2 seed1  RMSE 159.12  ( 1580s elapsed)
  [257/408] A_mech0.3_curr     fold8 seed3  RMSE  27.15  ( 1583s elapsed)
  [258/408] A_mech0.3_curr     fold8 seed4  RMSE  29.52  ( 1586s elapsed)
  [259/408] B_mech0.05         fold3 seed0  RMSE  23.45  ( 1588s elapsed)
  [260/408] B_mech0.05         fold3 seed2  RMSE  21.08  ( 1591s elapsed)
  [261/408] B_mech0.05         fold3 seed1  RMSE  21.69  ( 1592s elapsed)
  [262/408] B_mech0.05         fold4 seed0  RMSE  30.68  ( 1625s elapsed)
  [263/408] B_mech0.05         fold2 seed2  RMSE 130.60  ( 1631s elapsed)
  [264/408] B_mech0.05         fold4 seed1  RMSE  30.58  ( 1636s elapsed)
  [265/408] A_mech0.3_curr     fold8 seed6  RMSE  29.69  ( 1636s elapsed)
  [266/408] B_mech0.05         fold5 seed1  RMSE  57.14  ( 1644s elapsed)
  [267/408] B_mech0.05         fold5 seed0  RMSE  55.15  ( 1649s elapsed)
  [268/408] B_mech0.05         fold6 seed0  RMSE  10.71  ( 1651s elapsed)
  [269/408] B_mech0.05         fold4 seed2  RMSE  32.23  ( 1672s elapsed)
  [270/408] B_mech0.05         fold6 seed1  RMSE  10.87  ( 1680s elapsed)
  [271/408] B_mech0.05         fold7 seed0  RMSE  88.14  ( 1706s elapsed)
  [272/408] B_mech0.05         fold5 seed2  RMSE  60.59  ( 1707s elapsed)
  [273/408] B_mech0.05         fold7 seed1  RMSE  90.19  ( 1709s elapsed)
  [274/408] B_mech0.1          fold1 seed0  RMSE  96.24  ( 1710s elapsed)
  [275/408] A_mech0.3_curr     fold8 seed5  RMSE  30.51  ( 1720s elapsed)
  [276/408] B_mech0.05         fold7 seed2  RMSE  85.15  ( 1726s elapsed)
  [277/408] B_mech0.05         fold6 seed2  RMSE  12.04  ( 1728s elapsed)
  [278/408] B_mech0.1          fold1 seed1  RMSE  90.92  ( 1731s elapsed)
  [279/408] B_mech0.1          fold1 seed2  RMSE 116.42  ( 1738s elapsed)
  [280/408] B_mech0.1          fold2 seed0  RMSE 116.95  ( 1741s elapsed)
  [281/408] B_mech0.05         fold8 seed2  RMSE  27.60  ( 1762s elapsed)
  [282/408] B_mech0.05         fold8 seed1  RMSE  27.75  ( 1768s elapsed)
  [283/408] B_mech0.1          fold2 seed1  RMSE 218.78  ( 1781s elapsed)
  [284/408] B_mech0.1          fold3 seed2  RMSE  20.79  ( 1782s elapsed)
  [285/408] B_mech0.1          fold4 seed1  RMSE  30.57  ( 1793s elapsed)
  [286/408] B_mech0.1          fold4 seed0  RMSE  30.61  ( 1795s elapsed)
  [287/408] B_mech0.1          fold3 seed0  RMSE  23.09  ( 1801s elapsed)
  [288/408] B_mech0.1          fold3 seed1  RMSE  22.40  ( 1802s elapsed)
  [289/408] B_mech0.1          fold2 seed2  RMSE 261.63  ( 1806s elapsed)
  [290/408] A_mech0.3_curr     fold8 seed7  RMSE  27.71  ( 1816s elapsed)
  [291/408] B_mech0.05         fold8 seed0  RMSE  27.54  ( 1827s elapsed)
  [292/408] B_mech0.1          fold5 seed0  RMSE  55.61  ( 1836s elapsed)
  [293/408] B_mech0.1          fold5 seed1  RMSE  56.31  ( 1848s elapsed)
  [294/408] B_mech0.1          fold6 seed1  RMSE  10.88  ( 1853s elapsed)
  [295/408] B_mech0.1          fold6 seed0  RMSE  10.66  ( 1859s elapsed)
  [296/408] B_mech0.1          fold6 seed2  RMSE  10.72  ( 1862s elapsed)
  [297/408] B_mech0.1          fold7 seed0  RMSE  88.38  ( 1869s elapsed)
  [298/408] B_mech0.1          fold7 seed1  RMSE  90.11  ( 1872s elapsed)
  [299/408] B_mech0.1          fold5 seed2  RMSE  60.43  ( 1878s elapsed)
  [300/408] B_mech0.15         fold1 seed0  RMSE  91.19  ( 1878s elapsed)
  [301/408] B_mech0.15         fold1 seed1  RMSE  90.72  ( 1885s elapsed)
  [302/408] B_mech0.1          fold7 seed2  RMSE  85.46  ( 1892s elapsed)
  [303/408] B_mech0.15         fold1 seed2  RMSE 115.97  ( 1892s elapsed)
  [304/408] B_mech0.15         fold2 seed0  RMSE 117.28  ( 1901s elapsed)
  [305/408] B_mech0.1          fold4 seed2  RMSE  33.46  ( 1925s elapsed)
  [306/408] B_mech0.1          fold8 seed2  RMSE  27.61  ( 1936s elapsed)
  [307/408] B_mech0.15         fold2 seed1  RMSE 131.05  ( 1940s elapsed)
  [308/408] B_mech0.1          fold8 seed1  RMSE  27.61  ( 1946s elapsed)
  [309/408] B_mech0.15         fold4 seed0  RMSE  30.70  ( 1947s elapsed)
  [310/408] B_mech0.15         fold3 seed2  RMSE  21.06  ( 1948s elapsed)
  [311/408] B_mech0.15         fold4 seed1  RMSE  30.60  ( 1951s elapsed)
  [312/408] B_mech0.15         fold3 seed1  RMSE  23.08  ( 1962s elapsed)
  [313/408] B_mech0.1          fold8 seed0  RMSE  28.19  ( 1983s elapsed)
  [314/408] B_mech0.15         fold3 seed0  RMSE  23.65  ( 1991s elapsed)
  [315/408] B_mech0.15         fold5 seed0  RMSE  55.77  ( 2002s elapsed)
  [316/408] B_mech0.15         fold2 seed2  RMSE 149.23  ( 2003s elapsed)
  [317/408] B_mech0.15         fold6 seed1  RMSE  10.90  ( 2005s elapsed)
  [318/408] B_mech0.15         fold5 seed1  RMSE  56.65  ( 2008s elapsed)
  [319/408] B_mech0.15         fold6 seed2  RMSE  10.75  ( 2012s elapsed)
  [320/408] B_mech0.15         fold4 seed2  RMSE  32.84  ( 2013s elapsed)
  [321/408] B_mech0.15         fold6 seed0  RMSE  10.71  ( 2015s elapsed)
  [322/408] B_mech0.15         fold5 seed2  RMSE  58.41  ( 2023s elapsed)
  [323/408] B_mech0.15         fold7 seed0  RMSE  88.31  ( 2031s elapsed)
  [324/408] B_mech0.2          fold1 seed0  RMSE  93.78  ( 2035s elapsed)
  [325/408] B_mech0.2          fold1 seed1  RMSE  89.55  ( 2037s elapsed)
  [326/408] B_mech0.2          fold1 seed2  RMSE 113.68  ( 2043s elapsed)
  [327/408] B_mech0.2          fold2 seed0  RMSE 117.74  ( 2046s elapsed)
  [328/408] B_mech0.15         fold7 seed1  RMSE  90.66  ( 2050s elapsed)
  [329/408] B_mech0.15         fold7 seed2  RMSE  85.43  ( 2072s elapsed)
  [330/408] B_mech0.2          fold3 seed1  RMSE  22.05  ( 2092s elapsed)
  [331/408] B_mech0.15         fold8 seed2  RMSE  27.56  ( 2094s elapsed)
  [332/408] B_mech0.2          fold4 seed0  RMSE  30.57  ( 2102s elapsed)
  [333/408] B_mech0.2          fold4 seed1  RMSE  30.63  ( 2103s elapsed)
  [334/408] B_mech0.2          fold3 seed0  RMSE  22.80  ( 2109s elapsed)
  [335/408] B_mech0.2          fold2 seed1  RMSE 148.93  ( 2111s elapsed)
  [336/408] B_mech0.15         fold8 seed1  RMSE  27.65  ( 2113s elapsed)
  [337/408] B_mech0.2          fold3 seed2  RMSE  19.56  ( 2114s elapsed)
  [338/408] B_mech0.15         fold8 seed0  RMSE  26.99  ( 2115s elapsed)
  [339/408] B_mech0.2          fold2 seed2  RMSE 165.74  ( 2157s elapsed)
  [340/408] B_mech0.2          fold5 seed0  RMSE  56.94  ( 2157s elapsed)
  [341/408] B_mech0.2          fold5 seed1  RMSE  56.75  ( 2161s elapsed)
  [342/408] B_mech0.2          fold4 seed2  RMSE  32.95  ( 2161s elapsed)
  [343/408] B_mech0.2          fold6 seed0  RMSE  10.61  ( 2163s elapsed)
  [344/408] B_mech0.2          fold6 seed1  RMSE  10.87  ( 2165s elapsed)
  [345/408] B_mech0.2          fold6 seed2  RMSE  10.60  ( 2168s elapsed)
  [346/408] B_mech0.2          fold7 seed1  RMSE  89.88  ( 2181s elapsed)
  [347/408] B_mech0.2          fold7 seed0  RMSE  88.47  ( 2181s elapsed)
  [348/408] B_mech0.45         fold1 seed0  RMSE  87.87  ( 2188s elapsed)
  [349/408] B_mech0.45         fold1 seed1  RMSE  88.27  ( 2188s elapsed)
  [350/408] B_mech0.45         fold1 seed2  RMSE 108.67  ( 2192s elapsed)
  [351/408] B_mech0.2          fold7 seed2  RMSE  85.20  ( 2195s elapsed)
  [352/408] B_mech0.2          fold5 seed2  RMSE  60.17  ( 2197s elapsed)
  [353/408] B_mech0.45         fold2 seed0  RMSE 119.84  ( 2199s elapsed)
  [354/408] B_mech0.45         fold4 seed1  RMSE  30.87  ( 2247s elapsed)
  [355/408] B_mech0.45         fold3 seed2  RMSE  21.26  ( 2249s elapsed)
  [356/408] B_mech0.2          fold8 seed2  RMSE  27.60  ( 2250s elapsed)
  [357/408] B_mech0.2          fold8 seed1  RMSE  27.66  ( 2266s elapsed)
  [358/408] B_mech0.45         fold2 seed2  RMSE 135.83  ( 2274s elapsed)
  [359/408] B_mech0.45         fold4 seed0  RMSE  33.40  ( 2278s elapsed)
  [360/408] B_mech0.45         fold4 seed2  RMSE  34.03  ( 2285s elapsed)
  [361/408] B_mech0.2          fold8 seed0  RMSE  28.01  ( 2286s elapsed)
  [362/408] B_mech0.45         fold3 seed0  RMSE  22.54  ( 2304s elapsed)
  [363/408] B_mech0.45         fold5 seed0  RMSE  55.68  ( 2313s elapsed)
  [364/408] B_mech0.45         fold5 seed1  RMSE  56.57  ( 2317s elapsed)
  [365/408] B_mech0.45         fold2 seed1  RMSE 361.97  ( 2318s elapsed)
  [366/408] B_mech0.45         fold5 seed2  RMSE  57.92  ( 2325s elapsed)
  [367/408] B_mech0.45         fold3 seed1  RMSE  24.18  ( 2328s elapsed)
  [368/408] B_mech0.45         fold6 seed0  RMSE  11.96  ( 2329s elapsed)
  [369/408] B_mech0.45         fold6 seed2  RMSE  10.56  ( 2338s elapsed)
  [370/408] B_mech0.6          fold1 seed0  RMSE  85.64  ( 2351s elapsed)
  [371/408] B_mech0.45         fold7 seed0  RMSE  88.82  ( 2352s elapsed)
  [372/408] B_mech0.6          fold1 seed1  RMSE  87.52  ( 2353s elapsed)
  [373/408] B_mech0.45         fold6 seed1  RMSE  12.13  ( 2353s elapsed)
  [374/408] B_mech0.6          fold1 seed2  RMSE 107.55  ( 2354s elapsed)
  [375/408] B_mech0.45         fold7 seed1  RMSE  89.95  ( 2356s elapsed)
  [376/408] B_mech0.6          fold2 seed0  RMSE 120.08  ( 2368s elapsed)
  [377/408] B_mech0.45         fold7 seed2  RMSE  85.77  ( 2383s elapsed)
  [378/408] B_mech0.45         fold8 seed2  RMSE  27.52  ( 2407s elapsed)
  [379/408] B_mech0.6          fold4 seed1  RMSE  30.78  ( 2419s elapsed)
  [380/408] B_mech0.6          fold2 seed1  RMSE 153.09  ( 2419s elapsed)
  [381/408] B_mech0.6          fold4 seed0  RMSE  31.95  ( 2422s elapsed)
  [382/408] B_mech0.45         fold8 seed1  RMSE  27.55  ( 2427s elapsed)
  [383/408] B_mech0.6          fold3 seed2  RMSE  19.76  ( 2427s elapsed)
  [384/408] B_mech0.6          fold3 seed0  RMSE  22.49  ( 2429s elapsed)
  [385/408] B_mech0.6          fold3 seed1  RMSE  22.88  ( 2432s elapsed)
  [386/408] B_mech0.45         fold8 seed0  RMSE  28.06  ( 2434s elapsed)
  [387/408] B_mech0.6          fold4 seed2  RMSE  32.87  ( 2471s elapsed)
  [388/408] B_mech0.6          fold5 seed0  RMSE  59.16  ( 2472s elapsed)
  [389/408] B_mech0.6          fold2 seed2  RMSE 349.29  ( 2480s elapsed)
  [390/408] B_mech0.6          fold6 seed0  RMSE  12.03  ( 2483s elapsed)
  [391/408] persistence        fold1 seed0  RMSE  73.52  ( 2483s elapsed)
  [392/408] persistence        fold2 seed0  RMSE 129.59  ( 2483s elapsed)
  [393/408] persistence        fold3 seed0  RMSE  21.99  ( 2483s elapsed)
  [394/408] persistence        fold4 seed0  RMSE  31.01  ( 2483s elapsed)
  [395/408] persistence        fold5 seed0  RMSE  53.95  ( 2483s elapsed)
  [396/408] persistence        fold6 seed0  RMSE  10.67  ( 2483s elapsed)
  [397/408] persistence        fold7 seed0  RMSE  93.21  ( 2483s elapsed)
  [398/408] persistence        fold8 seed0  RMSE  26.99  ( 2483s elapsed)
  [399/408] B_mech0.6          fold6 seed2  RMSE  10.56  ( 2484s elapsed)
  [400/408] B_mech0.6          fold5 seed1  RMSE  56.95  ( 2486s elapsed)
  [401/408] B_mech0.6          fold7 seed0  RMSE  88.77  ( 2493s elapsed)
  [402/408] B_mech0.6          fold5 seed2  RMSE  58.93  ( 2493s elapsed)
  [403/408] B_mech0.6          fold7 seed1  RMSE  91.06  ( 2494s elapsed)
  [404/408] B_mech0.6          fold6 seed1  RMSE  12.12  ( 2498s elapsed)
  [405/408] B_mech0.6          fold7 seed2  RMSE  85.57  ( 2503s elapsed)
  [406/408] B_mech0.6          fold8 seed2  RMSE  27.49  ( 2524s elapsed)
  [407/408] B_mech0.6          fold8 seed1  RMSE  27.64  ( 2528s elapsed)
  [408/408] B_mech0.6          fold8 seed0  RMSE  28.04  ( 2531s elapsed)

wrote 1632 rows to results\stage3_search.csv in 2532s (6.2s per job)
