
============================== Running STGAT ==============================
STGAT    base           o0.55 s0 RMSE   26.89  clean  26.89  gmax  0.03  (11s)
STGAT    base           o0.55 s1 RMSE   26.91  clean  26.91  gmax  0.04  (6s)
STGAT    base           o0.55 s2 RMSE   27.23  clean  27.23  gmax  0.24  (3s)
STGAT    base           o0.55 s3 RMSE   27.91  clean  27.91  gmax  0.28  (3s)
STGAT    base           o0.55 s4 RMSE   26.91  clean  26.91  gmax  0.04  (5s)
STGAT    base           o0.55 s5 RMSE   26.90  clean  26.90  gmax  0.03  (5s)
STGAT    base           o0.55 s6 RMSE   27.69  clean  27.69  gmax  0.28  (3s)
STGAT    base           o0.55 s7 RMSE   26.92  clean  26.92  gmax  0.06  (5s)
STGAT    base           o0.55 s8 RMSE   26.91  clean  26.91  gmax  0.04  (7s)
STGAT    base           o0.55 s9 RMSE   27.46  clean  27.46  gmax  0.22  (3s)
STGAT    base           o0.55 s10 RMSE   26.99  clean  26.99  gmax  0.12  (3s)
STGAT    base           o0.55 s11 RMSE   27.33  clean  27.33  gmax  0.30  (3s)
STGAT    base           o0.55 s12 RMSE   28.12  clean  28.12  gmax  0.18  (3s)
STGAT    base           o0.55 s13 RMSE   26.91  clean  26.91  gmax  0.03  (10s)
STGAT    base           o0.55 s14 RMSE   27.33  clean  27.33  gmax  0.27  (3s)
STGAT    base           o0.55 s15 RMSE   26.92  clean  26.92  gmax  0.04  (8s)
STGAT    base           o0.55 s16 RMSE   27.01  clean  27.01  gmax  0.15  (3s)
STGAT    base           o0.55 s17 RMSE   26.91  clean  26.91  gmax  0.03  (9s)
STGAT    base           o0.55 s18 RMSE   27.45  clean  27.45  gmax  0.24  (3s)
STGAT    base           o0.55 s19 RMSE   26.90  clean  26.90  gmax  0.03  (11s)
STGAT    base           o0.7 s0 RMSE   39.13  clean  39.13  gmax  0.05  (5s)
STGAT    base           o0.7 s1 RMSE   38.93  clean  38.93  gmax  0.02  (9s)
STGAT    base           o0.7 s2 RMSE   38.90  clean  38.90  gmax  0.01  (14s)
STGAT    base           o0.7 s3 RMSE   38.85  clean  38.85  gmax  0.03  (9s)
STGAT    base           o0.7 s4 RMSE   38.91  clean  38.91  gmax  0.03  (9s)
STGAT    base           o0.7 s5 RMSE   38.90  clean  38.90  gmax  0.02  (10s)
STGAT    base           o0.7 s6 RMSE   38.89  clean  38.89  gmax  0.03  (9s)
STGAT    base           o0.7 s7 RMSE   38.90  clean  38.90  gmax  0.02  (24s)
STGAT    base           o0.7 s8 RMSE   38.89  clean  38.89  gmax  0.02  (27s)
STGAT    base           o0.7 s9 RMSE   38.92  clean  38.92  gmax  0.07  (4s)
STGAT    base           o0.7 s10 RMSE   38.94  clean  38.94  gmax  0.03  (9s)
STGAT    base           o0.7 s11 RMSE   38.77  clean  38.77  gmax  0.09  (4s)
STGAT    base           o0.7 s12 RMSE   38.89  clean  38.89  gmax  0.01  (13s)
STGAT    base           o0.7 s13 RMSE   38.98  clean  38.98  gmax  0.03  (9s)
STGAT    base           o0.7 s14 RMSE   38.88  clean  38.88  gmax  0.02  (9s)
STGAT    base           o0.7 s15 RMSE   38.92  clean  38.92  gmax  0.01  (29s)
STGAT    base           o0.7 s16 RMSE   38.94  clean  38.94  gmax  0.02  (12s)
STGAT    base           o0.7 s17 RMSE   38.91  clean  38.91  gmax  0.03  (8s)
STGAT    base           o0.7 s18 RMSE   38.90  clean  38.90  gmax  0.02  (12s)
STGAT    base           o0.7 s19 RMSE   38.97  clean  38.97  gmax  0.02  (11s)
STGAT    base           o0.85 s0 RMSE   67.81  clean  22.46  gmax  0.02  (11s)
STGAT    base           o0.85 s1 RMSE   67.96  clean  22.59  gmax  0.04  (8s)
STGAT    base           o0.85 s2 RMSE   68.05  clean  22.60  gmax  0.02  (11s)
STGAT    base           o0.85 s3 RMSE   67.92  clean  22.57  gmax  0.02  (12s)
STGAT    base           o0.85 s4 RMSE   68.20  clean  22.60  gmax  0.03  (11s)
STGAT    base           o0.85 s5 RMSE   67.86  clean  22.55  gmax  0.04  (7s)
STGAT    base           o0.85 s6 RMSE   68.09  clean  22.52  gmax  0.05  (6s)
STGAT    base           o0.85 s7 RMSE   67.92  clean  22.51  gmax  0.01  (31s)
STGAT    base           o0.85 s8 RMSE   67.86  clean  22.53  gmax  0.02  (12s)
STGAT    base           o0.85 s9 RMSE   68.04  clean  22.62  gmax  0.04  (8s)
STGAT    base           o0.85 s10 RMSE   68.10  clean  22.54  gmax  0.03  (8s)
STGAT    base           o0.85 s11 RMSE   67.92  clean  22.54  gmax  0.05  (7s)
STGAT    base           o0.85 s12 RMSE   67.90  clean  22.48  gmax  0.02  (11s)
STGAT    base           o0.85 s13 RMSE   68.02  clean  22.58  gmax  0.02  (12s)
STGAT    base           o0.85 s14 RMSE   67.89  clean  22.53  gmax  0.02  (10s)
STGAT    base           o0.85 s15 RMSE   68.08  clean  22.60  gmax  0.02  (10s)
STGAT    base           o0.85 s16 RMSE   67.89  clean  22.53  gmax  0.03  (15s)
STGAT    base           o0.85 s17 RMSE   68.08  clean  22.58  gmax  0.03  (7s)
STGAT    base           o0.85 s18 RMSE   68.09  clean  22.56  gmax  0.01  (20s)
STGAT    base           o0.85 s19 RMSE   68.07  clean  22.57  gmax  0.01  (21s)
STGAT    spatial        o0.55 s0 RMSE   26.88  clean  26.88  gmax  0.03  (11s)
STGAT    spatial        o0.55 s1 RMSE   26.89  clean  26.89  gmax  0.03  (6s)
STGAT    spatial        o0.55 s2 RMSE   26.87  clean  26.87  gmax  0.04  (6s)
STGAT    spatial        o0.55 s3 RMSE   27.91  clean  27.91  gmax  0.28  (3s)
STGAT    spatial        o0.55 s4 RMSE   26.89  clean  26.89  gmax  0.04  (6s)
STGAT    spatial        o0.55 s5 RMSE   26.89  clean  26.89  gmax  0.03  (6s)
STGAT    spatial        o0.55 s6 RMSE   27.69  clean  27.69  gmax  0.28  (3s)
STGAT    spatial        o0.55 s7 RMSE   26.90  clean  26.90  gmax  0.05  (5s)
STGAT    spatial        o0.55 s8 RMSE   26.89  clean  26.89  gmax  0.04  (7s)
STGAT    spatial        o0.55 s9 RMSE   27.11  clean  27.11  gmax  0.16  (3s)
STGAT    spatial        o0.55 s10 RMSE   26.98  clean  26.98  gmax  0.12  (4s)
STGAT    spatial        o0.55 s11 RMSE   27.32  clean  27.32  gmax  0.30  (3s)
STGAT    spatial        o0.55 s12 RMSE   28.12  clean  28.12  gmax  0.18  (3s)
STGAT    spatial        o0.55 s13 RMSE   26.89  clean  26.89  gmax  0.03  (10s)
STGAT    spatial        o0.55 s14 RMSE   27.33  clean  27.33  gmax  0.27  (3s)
STGAT    spatial        o0.55 s15 RMSE   26.90  clean  26.90  gmax  0.04  (8s)
STGAT    spatial        o0.55 s16 RMSE   26.99  clean  26.99  gmax  0.15  (4s)
STGAT    spatial        o0.55 s17 RMSE   26.89  clean  26.89  gmax  0.03  (9s)
STGAT    spatial        o0.55 s18 RMSE   27.34  clean  27.34  gmax  0.21  (3s)
STGAT    spatial        o0.55 s19 RMSE   26.88  clean  26.88  gmax  0.03  (11s)
STGAT    spatial        o0.7 s0 RMSE   39.06  clean  39.06  gmax  0.05  (5s)
STGAT    spatial        o0.7 s1 RMSE   38.87  clean  38.87  gmax  0.02  (8s)
STGAT    spatial        o0.7 s2 RMSE   38.83  clean  38.83  gmax  0.01  (15s)
STGAT    spatial        o0.7 s3 RMSE   38.80  clean  38.80  gmax  0.02  (9s)
STGAT    spatial        o0.7 s4 RMSE   38.85  clean  38.85  gmax  0.03  (9s)
STGAT    spatial        o0.7 s5 RMSE   38.86  clean  38.86  gmax  0.02  (9s)
STGAT    spatial        o0.7 s6 RMSE   38.82  clean  38.82  gmax  0.04  (7s)
STGAT    spatial        o0.7 s7 RMSE   38.84  clean  38.84  gmax  0.01  (14s)
STGAT    spatial        o0.7 s8 RMSE   38.82  clean  38.82  gmax  0.01  (28s)
STGAT    spatial        o0.7 s9 RMSE   38.87  clean  38.87  gmax  0.07  (5s)
STGAT    spatial        o0.7 s10 RMSE   38.87  clean  38.87  gmax  0.03  (10s)
STGAT    spatial        o0.7 s11 RMSE   38.73  clean  38.73  gmax  0.09  (5s)
STGAT    spatial        o0.7 s12 RMSE   38.79  clean  38.79  gmax  0.01  (11s)
STGAT    spatial        o0.7 s13 RMSE   38.91  clean  38.91  gmax  0.03  (9s)
STGAT    spatial        o0.7 s14 RMSE   38.81  clean  38.81  gmax  0.02  (14s)
STGAT    spatial        o0.7 s15 RMSE   38.85  clean  38.85  gmax  0.01  (29s)
STGAT    spatial        o0.7 s16 RMSE   38.87  clean  38.87  gmax  0.02  (12s)
STGAT    spatial        o0.7 s17 RMSE   38.84  clean  38.84  gmax  0.03  (9s)
STGAT    spatial        o0.7 s18 RMSE   38.83  clean  38.83  gmax  0.02  (13s)
STGAT    spatial        o0.7 s19 RMSE   38.91  clean  38.91  gmax  0.02  (12s)
STGAT    spatial        o0.85 s0 RMSE   67.48  clean  22.45  gmax  0.02  (12s)
STGAT    spatial        o0.85 s1 RMSE   67.63  clean  22.58  gmax  0.04  (9s)
STGAT    spatial        o0.85 s2 RMSE   68.01  clean  22.48  gmax  0.03  (8s)
STGAT    spatial        o0.85 s3 RMSE   67.55  clean  22.56  gmax  0.02  (13s)
STGAT    spatial        o0.85 s4 RMSE   67.81  clean  22.59  gmax  0.03  (12s)
STGAT    spatial        o0.85 s5 RMSE   67.55  clean  22.54  gmax  0.04  (9s)
STGAT    spatial        o0.85 s6 RMSE   67.75  clean  22.51  gmax  0.04  (7s)
STGAT    spatial        o0.85 s7 RMSE   67.77  clean  22.55  gmax  0.02  (13s)
STGAT    spatial        o0.85 s8 RMSE   67.50  clean  22.52  gmax  0.02  (11s)
STGAT    spatial        o0.85 s9 RMSE   67.71  clean  22.61  gmax  0.04  (8s)
STGAT    spatial        o0.85 s10 RMSE   67.76  clean  22.53  gmax  0.03  (9s)
STGAT    spatial        o0.85 s11 RMSE   67.53  clean  22.53  gmax  0.04  (11s)
STGAT    spatial        o0.85 s12 RMSE   67.52  clean  22.47  gmax  0.02  (12s)
STGAT    spatial        o0.85 s13 RMSE   67.67  clean  22.56  gmax  0.02  (13s)
STGAT    spatial        o0.85 s14 RMSE   67.54  clean  22.51  gmax  0.02  (12s)
STGAT    spatial        o0.85 s15 RMSE   67.73  clean  22.59  gmax  0.02  (12s)
STGAT    spatial        o0.85 s16 RMSE   67.53  clean  22.52  gmax  0.03  (17s)
STGAT    spatial        o0.85 s17 RMSE   67.73  clean  22.56  gmax  0.03  (13s)
STGAT    spatial        o0.85 s18 RMSE   67.71  clean  22.55  gmax  0.01  (29s)
STGAT    spatial        o0.85 s19 RMSE   67.71  clean  22.56  gmax  0.01  (25s)

STGAT complete in 1187s -> analysis\results\physics_extended\physics_envelope_STGAT.json
Arm               RMSE (all)  RMSE (clean)    gmax   [Persistence Floor: 29.52]
base                   44.69         29.55 (+0.03)    0.06
spatial                44.55         29.51 (-0.01)    0.06

============================== Running AAGCN ==============================
AAGCN    base           o0.55 s0 RMSE   34.42  clean  34.42  gmax  0.95  (6s)
AAGCN    base           o0.55 s1 RMSE   27.99  clean  27.99  gmax  1.12  (6s)
AAGCN    base           o0.55 s2 RMSE   28.18  clean  28.18  gmax  0.82  (5s)
AAGCN    base           o0.55 s3 RMSE   28.48  clean  28.48  gmax  1.24  (6s)
AAGCN    base           o0.55 s4 RMSE   31.37  clean  31.37  gmax  1.45  (4s)
AAGCN    base           o0.55 s5 RMSE   30.28  clean  30.28  gmax  2.17  (7s)
AAGCN    base           o0.55 s6 RMSE   27.91  clean  27.91  gmax  1.25  (6s)
AAGCN    base           o0.55 s7 RMSE   33.47  clean  33.47  gmax  0.83  (3s)
AAGCN    base           o0.55 s8 RMSE   37.72  clean  37.72  gmax  1.38  (4s)
AAGCN    base           o0.55 s9 RMSE   27.99  clean  27.99  gmax  0.86  (4s)
AAGCN    base           o0.55 s10 RMSE   29.33  clean  29.33  gmax  1.77  (6s)
AAGCN    base           o0.55 s11 RMSE   28.87  clean  28.87  gmax  1.27  (3s)
AAGCN    base           o0.55 s12 RMSE   31.41  clean  31.41  gmax  2.39  (3s)
AAGCN    base           o0.55 s13 RMSE   28.98  clean  28.98  gmax  1.10  (4s)
AAGCN    base           o0.55 s14 RMSE   31.41  clean  31.41  gmax  1.03  (4s)
AAGCN    base           o0.55 s15 RMSE   28.52  clean  28.52  gmax  0.89  (4s)
AAGCN    base           o0.55 s16 RMSE   27.67  clean  27.67  gmax  1.48  (6s)
AAGCN    base           o0.55 s17 RMSE   27.85  clean  27.85  gmax  1.44  (5s)
AAGCN    base           o0.55 s18 RMSE   35.63  clean  35.63  gmax  1.68  (4s)
AAGCN    base           o0.55 s19 RMSE   27.02  clean  27.02  gmax  1.97  (5s)
AAGCN    base           o0.55 s20 RMSE   30.36  clean  30.36  gmax  2.40  (10s)
AAGCN    base           o0.55 s21 RMSE   30.12  clean  30.12  gmax  2.05  (14s)
AAGCN    base           o0.55 s22 RMSE   29.59  clean  29.59  gmax  1.15  (4s)
AAGCN    base           o0.55 s23 RMSE   29.63  clean  29.63  gmax  1.84  (5s)
AAGCN    base           o0.55 s24 RMSE   28.06  clean  28.06  gmax  1.62  (6s)
AAGCN    base           o0.7 s0 RMSE   38.19  clean  38.19  gmax  2.03  (20s)
AAGCN    base           o0.7 s1 RMSE   38.14  clean  38.14  gmax  2.27  (13s)
AAGCN    base           o0.7 s2 RMSE   39.10  clean  39.10  gmax  1.65  (15s)
AAGCN    base           o0.7 s3 RMSE   39.56  clean  39.56  gmax  0.95  (5s)
AAGCN    base           o0.7 s4 RMSE   38.59  clean  38.59  gmax  1.29  (7s)
AAGCN    base           o0.7 s5 RMSE   39.03  clean  39.03  gmax  2.12  (9s)
AAGCN    base           o0.7 s6 RMSE   37.67  clean  37.67  gmax  2.38  (20s)
AAGCN    base           o0.7 s7 RMSE   38.22  clean  38.22  gmax  2.04  (13s)
AAGCN    base           o0.7 s8 RMSE   37.11  clean  37.11  gmax  1.86  (20s)
AAGCN    base           o0.7 s9 RMSE   39.13  clean  39.13  gmax  1.85  (14s)
AAGCN    base           o0.7 s10 RMSE   39.75  clean  39.75  gmax  1.83  (6s)
AAGCN    base           o0.7 s11 RMSE   39.07  clean  39.07  gmax  1.60  (5s)
AAGCN    base           o0.7 s12 RMSE   39.43  clean  39.43  gmax  1.29  (6s)
AAGCN    base           o0.7 s13 RMSE   40.80  clean  40.80  gmax  1.41  (5s)
AAGCN    base           o0.7 s14 RMSE   44.33  clean  44.33  gmax  2.34  (5s)
AAGCN    base           o0.7 s15 RMSE   38.62  clean  38.62  gmax  2.06  (14s)
AAGCN    base           o0.7 s16 RMSE   39.11  clean  39.11  gmax  2.11  (20s)
AAGCN    base           o0.7 s17 RMSE   37.63  clean  37.63  gmax  2.30  (9s)
AAGCN    base           o0.7 s18 RMSE   37.77  clean  37.77  gmax  1.96  (12s)
AAGCN    base           o0.7 s19 RMSE   39.01  clean  39.01  gmax  2.13  (9s)
AAGCN    base           o0.7 s20 RMSE   38.57  clean  38.57  gmax  1.70  (7s)
AAGCN    base           o0.7 s21 RMSE   39.12  clean  39.12  gmax  1.90  (9s)
AAGCN    base           o0.7 s22 RMSE   38.18  clean  38.18  gmax  1.87  (8s)
AAGCN    base           o0.7 s23 RMSE   37.77  clean  37.77  gmax  2.49  (20s)
AAGCN    base           o0.7 s24 RMSE   42.49  clean  42.49  gmax  2.14  (9s)
AAGCN    base           o0.85 s0 RMSE   56.04  clean  21.53  gmax  2.34  (7s)
AAGCN    base           o0.85 s1 RMSE   56.52  clean  20.71  gmax  2.88  (11s)
AAGCN    base           o0.85 s2 RMSE   52.80  clean  20.65  gmax  2.00  (13s)
AAGCN    base           o0.85 s3 RMSE   63.48  clean  21.50  gmax  1.78  (7s)
AAGCN    base           o0.85 s4 RMSE   55.21  clean  20.76  gmax  2.06  (10s)
AAGCN    base           o0.85 s5 RMSE   54.55  clean  20.55  gmax  2.64  (24s)
AAGCN    base           o0.85 s6 RMSE   81.93  clean  21.40  gmax  2.56  (6s)
AAGCN    base           o0.85 s7 RMSE   69.48  clean  21.67  gmax  2.03  (7s)
AAGCN    base           o0.85 s8 RMSE   59.68  clean  21.57  gmax  2.08  (8s)
AAGCN    base           o0.85 s9 RMSE   67.57  clean  21.83  gmax  2.17  (6s)
AAGCN    base           o0.85 s10 RMSE   55.96  clean  20.87  gmax  3.13  (14s)
AAGCN    base           o0.85 s11 RMSE   56.17  clean  20.88  gmax  2.51  (26s)
AAGCN    base           o0.85 s12 RMSE   70.46  clean  22.08  gmax  2.26  (7s)
AAGCN    base           o0.85 s13 RMSE   54.87  clean  20.29  gmax  2.67  (26s)
AAGCN    base           o0.85 s14 RMSE   53.25  clean  20.51  gmax  2.79  (9s)
AAGCN    base           o0.85 s15 RMSE   68.89  clean  22.88  gmax  2.59  (15s)
AAGCN    base           o0.85 s16 RMSE   52.58  clean  20.48  gmax  1.98  (8s)
AAGCN    base           o0.85 s17 RMSE   56.42  clean  21.22  gmax  2.54  (12s)
AAGCN    base           o0.85 s18 RMSE   57.35  clean  20.60  gmax  2.95  (12s)
AAGCN    base           o0.85 s19 RMSE   55.27  clean  22.24  gmax  2.71  (7s)
AAGCN    base           o0.85 s20 RMSE   74.48  clean  22.40  gmax  1.60  (6s)
AAGCN    base           o0.85 s21 RMSE   60.32  clean  20.87  gmax  2.14  (10s)
AAGCN    base           o0.85 s22 RMSE   53.28  clean  20.36  gmax  3.12  (15s)
AAGCN    base           o0.85 s23 RMSE   50.76  clean  20.16  gmax  2.56  (9s)
AAGCN    base           o0.85 s24 RMSE   53.26  clean  20.76  gmax  2.29  (9s)
AAGCN    envelope       o0.55 s0 RMSE   34.41  clean  34.41  gmax  0.95  (4s)
AAGCN    envelope       o0.55 s1 RMSE   27.96  clean  27.96  gmax  1.13  (5s)
AAGCN    envelope       o0.55 s2 RMSE   28.32  clean  28.32  gmax  0.82  (4s)
AAGCN    envelope       o0.55 s3 RMSE   27.57  clean  27.57  gmax  0.91  (4s)
AAGCN    envelope       o0.55 s4 RMSE   33.26  clean  33.26  gmax  1.45  (4s)
AAGCN    envelope       o0.55 s5 RMSE   30.16  clean  30.16  gmax  2.15  (8s)
AAGCN    envelope       o0.55 s6 RMSE   27.91  clean  27.91  gmax  1.27  (6s)
AAGCN    envelope       o0.55 s7 RMSE   34.13  clean  34.13  gmax  0.85  (4s)
AAGCN    envelope       o0.55 s8 RMSE   33.34  clean  33.34  gmax  0.79  (4s)
AAGCN    envelope       o0.55 s9 RMSE   27.97  clean  27.97  gmax  0.87  (5s)
AAGCN    envelope       o0.55 s10 RMSE   28.74  clean  28.74  gmax  1.77  (6s)
AAGCN    envelope       o0.55 s11 RMSE   28.87  clean  28.87  gmax  1.26  (3s)
AAGCN    envelope       o0.55 s12 RMSE   31.43  clean  31.43  gmax  2.40  (4s)
AAGCN    envelope       o0.55 s13 RMSE   28.98  clean  28.98  gmax  1.10  (5s)
AAGCN    envelope       o0.55 s14 RMSE   31.41  clean  31.41  gmax  1.03  (4s)
AAGCN    envelope       o0.55 s15 RMSE   28.45  clean  28.45  gmax  0.86  (5s)
AAGCN    envelope       o0.55 s16 RMSE   27.67  clean  27.67  gmax  1.48  (5s)
AAGCN    envelope       o0.55 s17 RMSE   27.85  clean  27.85  gmax  1.44  (5s)
AAGCN    envelope       o0.55 s18 RMSE   35.48  clean  35.48  gmax  1.68  (4s)
AAGCN    envelope       o0.55 s19 RMSE   27.21  clean  27.21  gmax  1.95  (5s)
AAGCN    envelope       o0.55 s20 RMSE   30.12  clean  30.12  gmax  2.39  (10s)
AAGCN    envelope       o0.55 s21 RMSE   30.60  clean  30.60  gmax  1.98  (10s)
AAGCN    envelope       o0.55 s22 RMSE   29.59  clean  29.59  gmax  1.15  (4s)
AAGCN    envelope       o0.55 s23 RMSE   31.17  clean  31.17  gmax  2.03  (7s)
AAGCN    envelope       o0.55 s24 RMSE   28.10  clean  28.10  gmax  1.61  (5s)
AAGCN    envelope       o0.7 s0 RMSE   38.88  clean  38.88  gmax  2.00  (21s)
AAGCN    envelope       o0.7 s1 RMSE   38.01  clean  38.01  gmax  2.23  (9s)
AAGCN    envelope       o0.7 s2 RMSE   38.76  clean  38.76  gmax  1.65  (16s)
AAGCN    envelope       o0.7 s3 RMSE   39.72  clean  39.72  gmax  0.94  (5s)
AAGCN    envelope       o0.7 s4 RMSE   38.58  clean  38.58  gmax  1.27  (7s)
AAGCN    envelope       o0.7 s5 RMSE   38.95  clean  38.95  gmax  2.11  (10s)
AAGCN    envelope       o0.7 s6 RMSE   37.61  clean  37.61  gmax  2.40  (20s)
AAGCN    envelope       o0.7 s7 RMSE   38.29  clean  38.29  gmax  2.06  (13s)
AAGCN    envelope       o0.7 s8 RMSE   38.66  clean  38.66  gmax  2.15  (11s)
AAGCN    envelope       o0.7 s9 RMSE   38.70  clean  38.70  gmax  1.90  (14s)
AAGCN    envelope       o0.7 s10 RMSE   39.99  clean  39.99  gmax  1.84  (6s)
AAGCN    envelope       o0.7 s11 RMSE   39.15  clean  39.15  gmax  1.60  (6s)
AAGCN    envelope       o0.7 s12 RMSE   39.44  clean  39.44  gmax  1.28  (7s)
AAGCN    envelope       o0.7 s13 RMSE   40.79  clean  40.79  gmax  1.41  (5s)
AAGCN    envelope       o0.7 s14 RMSE   39.27  clean  39.27  gmax  2.25  (7s)
AAGCN    envelope       o0.7 s15 RMSE   39.34  clean  39.34  gmax  2.04  (14s)
AAGCN    envelope       o0.7 s16 RMSE   38.88  clean  38.88  gmax  2.10  (21s)
AAGCN    envelope       o0.7 s17 RMSE   37.66  clean  37.66  gmax  2.31  (9s)
AAGCN    envelope       o0.7 s18 RMSE   37.81  clean  37.81  gmax  1.94  (12s)
AAGCN    envelope       o0.7 s19 RMSE   38.95  clean  38.95  gmax  2.14  (10s)
AAGCN    envelope       o0.7 s20 RMSE   38.44  clean  38.44  gmax  1.73  (7s)
AAGCN    envelope       o0.7 s21 RMSE   39.08  clean  39.08  gmax  1.94  (11s)
AAGCN    envelope       o0.7 s22 RMSE   38.19  clean  38.19  gmax  1.88  (8s)
AAGCN    envelope       o0.7 s23 RMSE   39.80  clean  39.80  gmax  1.94  (9s)
AAGCN    envelope       o0.7 s24 RMSE   42.31  clean  42.31  gmax  2.14  (9s)
AAGCN    envelope       o0.85 s0 RMSE   56.02  clean  21.52  gmax  2.34  (7s)
AAGCN    envelope       o0.85 s1 RMSE   56.16  clean  20.68  gmax  2.82  (13s)
AAGCN    envelope       o0.85 s2 RMSE   52.77  clean  20.67  gmax  2.08  (13s)
AAGCN    envelope       o0.85 s3 RMSE   63.92  clean  21.55  gmax  1.78  (7s)
AAGCN    envelope       o0.85 s4 RMSE   55.19  clean  20.74  gmax  2.03  (9s)
AAGCN    envelope       o0.85 s5 RMSE   54.80  clean  20.64  gmax  2.65  (25s)
AAGCN    envelope       o0.85 s6 RMSE   82.02  clean  21.39  gmax  2.57  (7s)
AAGCN    envelope       o0.85 s7 RMSE   72.34  clean  21.73  gmax  2.00  (8s)
AAGCN    envelope       o0.85 s8 RMSE   58.04  clean  21.00  gmax  2.40  (9s)
AAGCN    envelope       o0.85 s9 RMSE   67.73  clean  21.84  gmax  2.15  (6s)
AAGCN    envelope       o0.85 s10 RMSE   57.33  clean  20.99  gmax  3.00  (21s)
AAGCN    envelope       o0.85 s11 RMSE   56.29  clean  20.87  gmax  2.52  (27s)
AAGCN    envelope       o0.85 s12 RMSE   70.84  clean  22.05  gmax  2.29  (8s)
AAGCN    envelope       o0.85 s13 RMSE   54.86  clean  20.29  gmax  2.66  (28s)
AAGCN    envelope       o0.85 s14 RMSE   52.38  clean  20.41  gmax  2.77  (9s)
AAGCN    envelope       o0.85 s15 RMSE   68.14  clean  22.84  gmax  2.59  (15s)
AAGCN    envelope       o0.85 s16 RMSE   53.21  clean  20.63  gmax  1.73  (7s)
AAGCN    envelope       o0.85 s17 RMSE   56.42  clean  21.23  gmax  2.54  (13s)
AAGCN    envelope       o0.85 s18 RMSE   57.35  clean  20.58  gmax  2.94  (12s)
AAGCN    envelope       o0.85 s19 RMSE   53.98  clean  21.79  gmax  2.79  (8s)
AAGCN    envelope       o0.85 s20 RMSE   74.57  clean  22.39  gmax  1.60  (7s)
AAGCN    envelope       o0.85 s21 RMSE   60.04  clean  20.91  gmax  2.21  (11s)
AAGCN    envelope       o0.85 s22 RMSE   53.29  clean  20.36  gmax  3.12  (14s)
AAGCN    envelope       o0.85 s23 RMSE   50.78  clean  20.44  gmax  2.34  (8s)
AAGCN    envelope       o0.85 s24 RMSE   53.13  clean  20.75  gmax  2.29  (9s)

AAGCN complete in 1394s -> analysis\results\physics_extended\physics_envelope_AAGCN.json
Arm               RMSE (all)  RMSE (clean)    gmax   [Persistence Floor: 29.52]
base                   42.92         30.10 (+0.58)    1.92
envelope               42.90         30.06 (+0.54)    1.90
